Archive member included to satisfy reference by file (symbol)

g:/program files (x86)/atmel/studio/7.0/toolchain/arm/arm-gnu-toolchain/bin/../lib/gcc/arm-none-eabi/6.3.1/../../../../arm-none-eabi/lib/thumb/v7e-m\libc.a(lib_a-exit.o)
                              g:/program files (x86)/atmel/studio/7.0/toolchain/arm/arm-gnu-toolchain/bin/../lib/gcc/arm-none-eabi/6.3.1/../../../../arm-none-eabi/lib/thumb/v7e-m/crt0.o (exit)
g:/program files (x86)/atmel/studio/7.0/toolchain/arm/arm-gnu-toolchain/bin/../lib/gcc/arm-none-eabi/6.3.1/../../../../arm-none-eabi/lib/thumb/v7e-m\libc.a(lib_a-impure.o)
                              g:/program files (x86)/atmel/studio/7.0/toolchain/arm/arm-gnu-toolchain/bin/../lib/gcc/arm-none-eabi/6.3.1/../../../../arm-none-eabi/lib/thumb/v7e-m\libc.a(lib_a-exit.o) (_global_impure_ptr)
g:/program files (x86)/atmel/studio/7.0/toolchain/arm/arm-gnu-toolchain/bin/../lib/gcc/arm-none-eabi/6.3.1/../../../../arm-none-eabi/lib/thumb/v7e-m\libc.a(lib_a-init.o)
                              g:/program files (x86)/atmel/studio/7.0/toolchain/arm/arm-gnu-toolchain/bin/../lib/gcc/arm-none-eabi/6.3.1/../../../../arm-none-eabi/lib/thumb/v7e-m/crt0.o (__libc_init_array)
g:/program files (x86)/atmel/studio/7.0/toolchain/arm/arm-gnu-toolchain/bin/../lib/gcc/arm-none-eabi/6.3.1/../../../../arm-none-eabi/lib/thumb/v7e-m\libc.a(lib_a-memset.o)
                              g:/program files (x86)/atmel/studio/7.0/toolchain/arm/arm-gnu-toolchain/bin/../lib/gcc/arm-none-eabi/6.3.1/../../../../arm-none-eabi/lib/thumb/v7e-m/crt0.o (memset)
g:/program files (x86)/atmel/studio/7.0/toolchain/arm/arm-gnu-toolchain/bin/../lib/gcc/arm-none-eabi/6.3.1/../../../../arm-none-eabi/lib/thumb/v7e-m\libc.a(lib_a-__call_atexit.o)
                              g:/program files (x86)/atmel/studio/7.0/toolchain/arm/arm-gnu-toolchain/bin/../lib/gcc/arm-none-eabi/6.3.1/../../../../arm-none-eabi/lib/thumb/v7e-m\libc.a(lib_a-exit.o) (__call_exitprocs)
g:/program files (x86)/atmel/studio/7.0/toolchain/arm/arm-gnu-toolchain/bin/../lib/gcc/arm-none-eabi/6.3.1/../../../../arm-none-eabi/lib/thumb/v7e-m\libc.a(lib_a-atexit.o)
                              g:/program files (x86)/atmel/studio/7.0/toolchain/arm/arm-gnu-toolchain/bin/../lib/gcc/arm-none-eabi/6.3.1/../../../../arm-none-eabi/lib/thumb/v7e-m\libc.a(lib_a-__call_atexit.o) (atexit)
g:/program files (x86)/atmel/studio/7.0/toolchain/arm/arm-gnu-toolchain/bin/../lib/gcc/arm-none-eabi/6.3.1/../../../../arm-none-eabi/lib/thumb/v7e-m\libc.a(lib_a-fini.o)
                              g:/program files (x86)/atmel/studio/7.0/toolchain/arm/arm-gnu-toolchain/bin/../lib/gcc/arm-none-eabi/6.3.1/../../../../arm-none-eabi/lib/thumb/v7e-m\libc.a(lib_a-__call_atexit.o) (__libc_fini_array)
g:/program files (x86)/atmel/studio/7.0/toolchain/arm/arm-gnu-toolchain/bin/../lib/gcc/arm-none-eabi/6.3.1/../../../../arm-none-eabi/lib/thumb/v7e-m\libc.a(lib_a-lock.o)
                              g:/program files (x86)/atmel/studio/7.0/toolchain/arm/arm-gnu-toolchain/bin/../lib/gcc/arm-none-eabi/6.3.1/../../../../arm-none-eabi/lib/thumb/v7e-m\libc.a(lib_a-__call_atexit.o) (__retarget_lock_acquire_recursive)
g:/program files (x86)/atmel/studio/7.0/toolchain/arm/arm-gnu-toolchain/bin/../lib/gcc/arm-none-eabi/6.3.1/../../../../arm-none-eabi/lib/thumb/v7e-m\libc.a(lib_a-__atexit.o)
                              g:/program files (x86)/atmel/studio/7.0/toolchain/arm/arm-gnu-toolchain/bin/../lib/gcc/arm-none-eabi/6.3.1/../../../../arm-none-eabi/lib/thumb/v7e-m\libc.a(lib_a-atexit.o) (__register_exitproc)

Allocating common symbols
Common symbol       size              file

__lock___atexit_recursive_mutex
                    0x1               g:/program files (x86)/atmel/studio/7.0/toolchain/arm/arm-gnu-toolchain/bin/../lib/gcc/arm-none-eabi/6.3.1/../../../../arm-none-eabi/lib/thumb/v7e-m\libc.a(lib_a-lock.o)
__lock___arc4random_mutex
                    0x1               g:/program files (x86)/atmel/studio/7.0/toolchain/arm/arm-gnu-toolchain/bin/../lib/gcc/arm-none-eabi/6.3.1/../../../../arm-none-eabi/lib/thumb/v7e-m\libc.a(lib_a-lock.o)
__lock___env_recursive_mutex
                    0x1               g:/program files (x86)/atmel/studio/7.0/toolchain/arm/arm-gnu-toolchain/bin/../lib/gcc/arm-none-eabi/6.3.1/../../../../arm-none-eabi/lib/thumb/v7e-m\libc.a(lib_a-lock.o)
__lock___sinit_recursive_mutex
                    0x1               g:/program files (x86)/atmel/studio/7.0/toolchain/arm/arm-gnu-toolchain/bin/../lib/gcc/arm-none-eabi/6.3.1/../../../../arm-none-eabi/lib/thumb/v7e-m\libc.a(lib_a-lock.o)
__lock___malloc_recursive_mutex
                    0x1               g:/program files (x86)/atmel/studio/7.0/toolchain/arm/arm-gnu-toolchain/bin/../lib/gcc/arm-none-eabi/6.3.1/../../../../arm-none-eabi/lib/thumb/v7e-m\libc.a(lib_a-lock.o)
pio_capture_enable_flag
                    0x4               src/ASF/sam/drivers/pio/pio.o
__lock___at_quick_exit_mutex
[...]
Memory Configuration

Name             Origin             Length             Attributes
rom              0x00400000         0x00200000         xr
ram              0x20400000         0x00060000         xrw
*default*        0x00000000         0xffffffff

Linker script and memory map

LOAD g:/program files (x86)/atmel/studio/7.0/toolchain/arm/arm-gnu-toolchain/bin/../lib/gcc/arm-none-eabi/6.3.1/thumb/v7e-m/crti.o
LOAD g:/program files (x86)/atmel/studio/7.0/toolchain/arm/arm-gnu-toolchain/bin/../lib/gcc/arm-none-eabi/6.3.1/thumb/v7e-m/crtbegin.o
LOAD g:/program files (x86)/atmel/studio/7.0/toolchain/arm/arm-gnu-toolchain/bin/../lib/gcc/arm-none-eabi/6.3.1/../../../../arm-none-eabi/lib/thumb/v7e-m/crt0.o
LOAD src/ASF/common/services/clock/same70/sysclk.o
LOAD src/ASF/common/services/delay/sam/cycle_counter.o
LOAD src/ASF/common/services/spi/sam_spi/spi_master.o
LOAD src/ASF/common/services/spi/sam_usart_spi/usart_spi.o
LOAD src/ASF/common/utils/interrupt/interrupt_sam_nvic.o
LOAD src/ASF/sam/boards/same70_xplained/init.o
LOAD src/ASF/sam/drivers/mpu/mpu.o
LOAD src/ASF/sam/drivers/pio/pio.o
LOAD src/ASF/sam/drivers/pio/pio_handler.o
LOAD src/ASF/sam/drivers/pmc/pmc.o
LOAD src/ASF/sam/drivers/pmc/sleep.o
LOAD src/ASF/sam/drivers/rtt/rtt.o
LOAD src/ASF/sam/drivers/spi/spi.o
LOAD src/ASF/sam/drivers/tc/tc.o
LOAD src/ASF/sam/drivers/usart/usart.o
LOAD src/ASF/sam/utils/cmsis/same70/source/templates/gcc/startup_same70.o
LOAD src/ASF/sam/utils/cmsis/same70/source/templates/system_same70.o
LOAD src/ASF/sam/utils/syscalls/gcc/syscalls.o
LOAD src/main.o
START GROUP
LOAD ../src/ASF/thirdparty/CMSIS/Lib/GCC\libarm_cortexM7lfsp_math_softfp.a
LOAD g:/program files (x86)/atmel/studio/7.0/toolchain/arm/arm-gnu-toolchain/bin/../lib/gcc/arm-none-eabi/6.3.1/../../../../arm-none-eabi/lib/thumb/v7e-m\libm.a
END GROUP
START GROUP
LOAD g:/program files (x86)/atmel/studio/7.0/toolchain/arm/arm-gnu-toolchain/bin/../lib/gcc/arm-none-eabi/6.3.1/thumb/v7e-m\libgcc.a
LOAD g:/program files (x86)/atmel/studio/7.0/toolchain/arm/arm-gnu-toolchain/bin/../lib/gcc/arm-none-eabi/6.3.1/../../../../arm-none-eabi/lib/thumb/v7e-m\libc.a
END GROUP
LOAD g:/program files (x86)/atmel/studio/7.0/toolchain/arm/arm-gnu-toolchain/bin/../lib/gcc/arm-none-eabi/6.3.1/thumb/v7e-m/crtend.o
LOAD g:/program files (x86)/atmel/studio/7.0/toolchain/arm/arm-gnu-toolchain/bin/../lib/gcc/arm-none-eabi/6.3.1/thumb/v7e-m/crtn.o
                0x00002000                STACK_SIZE = DEFINED (STACK_SIZE)?STACK_SIZE:0x2000
                0x2045fffc                __ram_end__ = ((ORIGIN (ram) + LENGTH (ram)) - 0x4)
                0x00000200                HEAP_SIZE = DEFINED (HEAP_SIZE)?HEAP_SIZE:0x200

.text           0x00400000      0x99c
                0x00400000                . = ALIGN (0x4)
                0x00400000                _sfixed = .
 *(.vectors .vectors.*)
 .vectors       0x00400000      0x140 src/ASF/sam/utils/cmsis/same70/source/templates/gcc/startup_same70.o
                0x00400000                exception_table
 *(.text .text.* .gnu.linkonce.t.*)
 .text          0x00400140       0x6c g:/program files (x86)/atmel/studio/7.0/toolchain/arm/arm-gnu-toolchain/bin/../lib/gcc/arm-none-eabi/6.3.1/thumb/v7e-m/crtbegin.o
 .text.sysclk_init
                0x004001ac       0x70 src/ASF/common/services/clock/same70/sysclk.o
                0x004001ac                sysclk_init
 .text.board_init
                0x0040021c      0x110 src/ASF/sam/boards/same70_xplained/init.o
                0x0040021c                board_init
 .text.pio_get_interrupt_status
                0x0040032c        0x4 src/ASF/sam/drivers/pio/pio.o
                0x0040032c                pio_get_interrupt_status
 .text.pio_get_interrupt_mask
                0x00400330        0x4 src/ASF/sam/drivers/pio/pio.o
                0x00400330                pio_get_interrupt_mask
 .text.pio_handler_process
                0x00400334       0x50 src/ASF/sam/drivers/pio/pio_handler.o
                0x00400334                pio_handler_process
 .text.PIOA_Handler
                0x00400384       0x14 src/ASF/sam/drivers/pio/pio_handler.o
                0x00400384                PIOA_Handler
 .text.PIOB_Handler
                0x00400398       0x14 src/ASF/sam/drivers/pio/pio_handler.o
                0x00400398                PIOB_Handler
 .text.PIOC_Handler
                0x004003ac       0x14 src/ASF/sam/drivers/pio/pio_handler.o
                0x004003ac                PIOC_Handler
 .text.PIOD_Handler
                0x004003c0       0x14 src/ASF/sam/drivers/pio/pio_handler.o
                0x004003c0                PIOD_Handler
 .text.PIOE_Handler
                0x004003d4       0x14 src/ASF/sam/drivers/pio/pio_handler.o
                0x004003d4                PIOE_Handler
 .text.pmc_mck_set_division
                0x004003e8       0x38 src/ASF/sam/drivers/pmc/pmc.o
                0x004003e8                pmc_mck_set_division
 .text.pmc_switch_mck_to_pllack
                0x00400420       0x64 src/ASF/sam/drivers/pmc/pmc.o
                0x00400420                pmc_switch_mck_to_pllack
 .text.pmc_switch_mainck_to_xtal
                0x00400484       0x54 src/ASF/sam/drivers/pmc/pmc.o
                0x00400484                pmc_switch_mainck_to_xtal
 .text.pmc_osc_is_ready_mainck
                0x004004d8       0x10 src/ASF/sam/drivers/pmc/pmc.o
                0x004004d8                pmc_osc_is_ready_mainck
 .text.pmc_disable_pllack
                0x004004e8       0x10 src/ASF/sam/drivers/pmc/pmc.o
                0x004004e8                pmc_disable_pllack
 .text.pmc_is_locked_pllack
                0x004004f8       0x10 src/ASF/sam/drivers/pmc/pmc.o
                0x004004f8                pmc_is_locked_pllack
 .text.pmc_enable_periph_clk
                0x00400508       0x54 src/ASF/sam/drivers/pmc/pmc.o
                0x00400508                pmc_enable_periph_clk
 .text.Dummy_Handler
                0x0040055c        0x2 src/ASF/sam/utils/cmsis/same70/source/templates/gcc/startup_same70.o
                0x0040055c                DACC_Handler
                0x0040055c                DebugMon_Handler
                0x0040055c                UART3_Handler
                0x0040055c                UART2_Handler
                0x0040055c                TRNG_Handler
                0x0040055c                HardFault_Handler
                0x0040055c                TC2_Handler
                0x0040055c                SysTick_Handler
                0x0040055c                AFEC1_Handler
                0x0040055c                PendSV_Handler
                0x0040055c                NMI_Handler
                0x0040055c                TC7_Handler
                0x0040055c                QSPI_Handler
                0x0040055c                ISI_Handler
                0x0040055c                TC9_Handler
                0x0040055c                RSWDT_Handler
                0x0040055c                MCAN1_Handler
                0x0040055c                USART0_Handler
                0x0040055c                RTT_Handler
                0x0040055c                USBHS_Handler
                0x0040055c                RTC_Handler
                0x0040055c                UsageFault_Handler
                0x0040055c                TC6_Handler
                0x0040055c                WDT_Handler
                0x0040055c                TC4_Handler
                0x0040055c                TC1_Handler
                0x0040055c                HSMCI_Handler
                0x0040055c                UART1_Handler
                0x0040055c                TC3_Handler
                0x0040055c                Dummy_Handler
                0x0040055c                TWIHS1_Handler
                0x0040055c                XDMAC_Handler
                0x0040055c                UART4_Handler
                0x0040055c                PWM1_Handler
                0x0040055c                USART1_Handler
                0x0040055c                PWM0_Handler
                0x0040055c                AFEC0_Handler
                0x0040055c                SSC_Handler
                0x0040055c                TC11_Handler
                0x0040055c                ACC_Handler
                0x0040055c                PMC_Handler
                0x0040055c                GMAC_Handler
                0x0040055c                MemManage_Handler
                0x0040055c                SUPC_Handler
                0x0040055c                SVC_Handler
                0x0040055c                TC8_Handler
                0x0040055c                EFC_Handler
                0x0040055c                USART2_Handler
                0x0040055c                SDRAMC_Handler
                0x0040055c                SPI1_Handler
                0x0040055c                MCAN0_Handler
                0x0040055c                TC10_Handler
                0x0040055c                TWIHS2_Handler
                0x0040055c                UART0_Handler
                0x0040055c                BusFault_Handler
                0x0040055c                RSTC_Handler
                0x0040055c                TC0_Handler
                0x0040055c                TC5_Handler
                0x0040055c                ICM_Handler
                0x0040055c                AES_Handler
                0x0040055c                TWIHS0_Handler
                0x0040055c                SPI0_Handler
 *fill*         0x0040055e        0x2 
 .text.Reset_Handler
                0x00400560       0xc8 src/ASF/sam/utils/cmsis/same70/source/templates/gcc/startup_same70.o
                0x00400560                Reset_Handler
 .text.SystemCoreClockUpdate
                0x00400628      0x10c src/ASF/sam/utils/cmsis/same70/source/templates/system_same70.o
                0x00400628                SystemCoreClockUpdate
 .text.system_init_flash
                0x00400734       0x8c src/ASF/sam/utils/cmsis/same70/source/templates/system_same70.o
                0x00400734                system_init_flash
 .text.main     0x004007c0       0x44 src/main.o
                0x004007c0                main
 .text.__libc_init_array
                0x00400804       0x50 g:/program files (x86)/atmel/studio/7.0/toolchain/arm/arm-gnu-toolchain/bin/../lib/gcc/arm-none-eabi/6.3.1/../../../../arm-none-eabi/lib/thumb/v7e-m\libc.a(lib_a-init.o)
                0x00400804                __libc_init_array
 .text.startup.register_fini
                0x00400854       0x14 g:/program files (x86)/atmel/studio/7.0/toolchain/arm/arm-gnu-toolchain/bin/../lib/gcc/arm-none-eabi/6.3.1/../../../../arm-none-eabi/lib/thumb/v7e-m\libc.a(lib_a-__call_atexit.o)
 .text.atexit   0x00400868        0xc g:/program files (x86)/atmel/studio/7.0/toolchain/arm/arm-gnu-toolchain/bin/../lib/gcc/arm-none-eabi/6.3.1/../../../../arm-none-eabi/lib/thumb/v7e-m\libc.a(lib_a-atexit.o)
                0x00400868                atexit
 .text.__libc_fini_array
                0x00400874       0x34 g:/program files (x86)/atmel/studio/7.0/toolchain/arm/arm-gnu-toolchain/bin/../lib/gcc/arm-none-eabi/6.3.1/../../../../arm-none-eabi/lib/thumb/v7e-m\libc.a(lib_a-fini.o)
                0x00400874                __libc_fini_array
 .text.__retarget_lock_acquire_recursive
                0x004008a8        0x4 g:/program files (x86)/atmel/studio/7.0/toolchain/arm/arm-gnu-toolchain/bin/../lib/gcc/arm-none-eabi/6.3.1/../../../../arm-none-eabi/lib/thumb/v7e-m\libc.a(lib_a-lock.o)
                0x004008a8                __retarget_lock_acquire_recursive
 .text.__retarget_lock_release_recursive
                0x004008ac        0x4 g:/program files (x86)/atmel/studio/7.0/toolchain/arm/arm-gnu-toolchain/bin/../lib/gcc/arm-none-eabi/6.3.1/../../../../arm-none-eabi/lib/thumb/v7e-m\libc.a(lib_a-lock.o)
                0x004008ac                __retarget_lock_release_recursive
 .text.__register_exitproc
                0x004008b0       0xc4 g:/program files (x86)/atmel/studio/7.0/toolchain/arm/arm-gnu-toolchain/bin/../lib/gcc/arm-none-eabi/6.3.1/../../../../arm-none-eabi/lib/thumb/v7e-m\libc.a(lib_a-__atexit.o)
                0x004008b0                __register_exitproc
 *(.glue_7t)
 .glue_7t       0x00400974        0x0 linker stubs
 *(.glue_7)
 .glue_7        0x00400974        0x0 linker stubs
 *(.rodata .rodata* .gnu.linkonce.r.*)
 .rodata._global_impure_ptr
                0x00400974        0x4 g:/program files (x86)/atmel/studio/7.0/toolchain/arm/arm-gnu-toolchain/bin/../lib/gcc/arm-none-eabi/6.3.1/../../../../arm-none-eabi/lib/thumb/v7e-m\libc.a(lib_a-impure.o)
                0x00400974                _global_impure_ptr
 *(.ARM.extab* .gnu.linkonce.armextab.*)
                0x00400978                . = ALIGN (0x4)
 *(.init)
 .init          0x00400978        0x4 g:/program files (x86)/atmel/studio/7.0/toolchain/arm/arm-gnu-toolchain/bin/../lib/gcc/arm-none-eabi/6.3.1/thumb/v7e-m/crti.o
                0x00400978                _init
 .init          0x0040097c        0x8 g:/program files (x86)/atmel/studio/7.0/toolchain/arm/arm-gnu-toolchain/bin/../lib/gcc/arm-none-eabi/6.3.1/thumb/v7e-m/crtn.o
                0x00400984                . = ALIGN (0x4)
                0x00400984                __preinit_array_start = .
 *(.preinit_array)
                0x00400984                __preinit_array_end = .
                0x00400984                . = ALIGN (0x4)
                0x00400984                __init_array_start = .
 *(SORT(.init_array.*))
 .init_array.00000
                0x00400984        0x4 g:/program files (x86)/atmel/studio/7.0/toolchain/arm/arm-gnu-toolchain/bin/../lib/gcc/arm-none-eabi/6.3.1/../../../../arm-none-eabi/lib/thumb/v7e-m\libc.a(lib_a-__call_atexit.o)
 *(.init_array)
 .init_array    0x00400988        0x4 g:/program files (x86)/atmel/studio/7.0/toolchain/arm/arm-gnu-toolchain/bin/../lib/gcc/arm-none-eabi/6.3.1/thumb/v7e-m/crtbegin.o
                0x0040098c                __init_array_end = .
                0x0040098c                . = ALIGN (0x4)
 *crtbegin.o(.ctors)
 *(EXCLUDE_FILE(*crtend.o) .ctors)
 *(SORT(.ctors.*))
 *crtend.o(.ctors)
                0x0040098c                . = ALIGN (0x4)
 *(.fini)
 .fini          0x0040098c        0x4 g:/program files (x86)/atmel/studio/7.0/toolchain/arm/arm-gnu-toolchain/bin/../lib/gcc/arm-none-eabi/6.3.1/thumb/v7e-m/crti.o
                0x0040098c                _fini
 .fini          0x00400990        0x8 g:/program files (x86)/atmel/studio/7.0/toolchain/arm/arm-gnu-toolchain/bin/../lib/gcc/arm-none-eabi/6.3.1/thumb/v7e-m/crtn.o
                0x00400998                . = ALIGN (0x4)
                0x00400998                __fini_array_start = .
 *(.fini_array)
 .fini_array    0x00400998        0x4 g:/program files (x86)/atmel/studio/7.0/toolchain/arm/arm-gnu-toolchain/bin/../lib/gcc/arm-none-eabi/6.3.1/thumb/v7e-m/crtbegin.o
 *(SORT(.fini_array.*))
                0x0040099c                __fini_array_end = .
 *crtbegin.o(.dtors)
 *(EXCLUDE_FILE(*crtend.o) .dtors)
 *(SORT(.dtors.*))
 *crtend.o(.dtors)
                0x0040099c                . = ALIGN (0x4)
                0x0040099c                _efixed = .
                [!provide]                PROVIDE (__exidx_start, .)

.vfp11_veneer   0x0040099c        0x0
 .vfp11_veneer  0x0040099c        0x0 linker stubs

.v4_bx          0x0040099c        0x0
 .v4_bx         0x0040099c        0x0 linker stubs

.iplt           0x0040099c        0x0
 .iplt          0x0040099c        0x0 g:/program files (x86)/atmel/studio/7.0/toolchain/arm/arm-gnu-toolchain/bin/../lib/gcc/arm-none-eabi/6.3.1/thumb/v7e-m/crtbegin.o

.eh_frame       0x0040099c        0x0
 .eh_frame      0x0040099c        0x0 g:/program files (x86)/atmel/studio/7.0/toolchain/arm/arm-gnu-toolchain/bin/../lib/gcc/arm-none-eabi/6.3.1/thumb/v7e-m/crtbegin.o

.rel.dyn        0x0040099c        0x0
 .rel.iplt      0x0040099c        0x0 g:/program files (x86)/atmel/studio/7.0/toolchain/arm/arm-gnu-toolchain/bin/../lib/gcc/arm-none-eabi/6.3.1/thumb/v7e-m/crtbegin.o

.jcr            0x0040099c        0x0
 .jcr           0x0040099c        0x0 g:/program files (x86)/atmel/studio/7.0/toolchain/arm/arm-gnu-toolchain/bin/../lib/gcc/arm-none-eabi/6.3.1/thumb/v7e-m/crtbegin.o

.igot.plt       0x0040099c        0x0
 .igot.plt      0x0040099c        0x0 g:/program files (x86)/atmel/studio/7.0/toolchain/arm/arm-gnu-toolchain/bin/../lib/gcc/arm-none-eabi/6.3.1/thumb/v7e-m/crtbegin.o

.ARM.exidx
 *(.ARM.exidx* .gnu.linkonce.armexidx.*)
                [!provide]                PROVIDE (__exidx_end, .)
                0x0040099c                . = ALIGN (0x4)
                0x0040099c                _etext = .

.relocate       0x20400000      0x43c load address 0x0040099c
                0x20400000                . = ALIGN (0x4)
                0x20400000                _srelocate = .
 *(.ramfunc .ramfunc.*)
 .ramfunc       0x20400000        0xa src/ASF/common/services/delay/sam/cycle_counter.o
                0x20400000                portable_delay_cycles
 *(.data .data.*)
 .data.g_interrupt_enabled
                0x2040000a        0x1 src/ASF/common/utils/interrupt/interrupt_sam_nvic.o
                0x2040000a                g_interrupt_enabled
 *fill*         0x2040000b        0x1 
 .data.SystemCoreClock
                0x2040000c        0x4 src/ASF/sam/utils/cmsis/same70/source/templates/system_same70.o
                0x2040000c                SystemCoreClock
 .data.impure_data
                0x20400010      0x428 g:/program files (x86)/atmel/studio/7.0/toolchain/arm/arm-gnu-toolchain/bin/../lib/gcc/arm-none-eabi/6.3.1/../../../../arm-none-eabi/lib/thumb/v7e-m\libc.a(lib_a-impure.o)
 .data.__atexit_recursive_mutex
                0x20400438        0x4 g:/program files (x86)/atmel/studio/7.0/toolchain/arm/arm-gnu-toolchain/bin/../lib/gcc/arm-none-eabi/6.3.1/../../../../arm-none-eabi/lib/thumb/v7e-m\libc.a(lib_a-__call_atexit.o)
                0x20400438                __atexit_recursive_mutex
                0x2040043c                . = ALIGN (0x4)
                0x2040043c                _erelocate = .

.bss            0x2040043c       0xb0 load address 0x00400dd8
                0x2040043c                . = ALIGN (0x4)
                0x2040043c                _sbss = .
                0x2040043c                _szero = .
 *(.bss .bss.*)
 .bss           0x2040043c       0x1c g:/program files (x86)/atmel/studio/7.0/toolchain/arm/arm-gnu-toolchain/bin/../lib/gcc/arm-none-eabi/6.3.1/thumb/v7e-m/crtbegin.o
 .bss.gs_interrupt_sources
                0x20400458       0x70 src/ASF/sam/drivers/pio/pio_handler.o
 *(COMMON)
 COMMON         0x204004c8       0x21 g:/program files (x86)/atmel/studio/7.0/toolchain/arm/arm-gnu-toolchain/bin/../lib/gcc/arm-none-eabi/6.3.1/../../../../arm-none-eabi/lib/thumb/v7e-m\libc.a(lib_a-lock.o)
                0x204004c8                __lock___atexit_recursive_mutex
                0x204004cc                __lock___arc4random_mutex
                0x204004d0                __lock___env_recursive_mutex
                0x204004d4                __lock___sinit_recursive_mutex
                0x204004d8                __lock___malloc_recursive_mutex
                0x204004dc                __lock___at_quick_exit_mutex
                0x204004e0                __lock___dd_hash_mutex
                0x204004e4                __lock___tz_mutex
                0x204004e8                __lock___sfp_recursive_mutex
                0x204004ec                . = ALIGN (0x4)
 *fill*         0x204004e9        0x3 
                0x204004ec                _ebss = .
                0x204004ec                _ezero = .

.stack          0x204004ec     0x2004 load address 0x00400e88
                0x204004f0                . = ALIGN (0x8)
 *fill*         0x204004ec        0x4 
                0x204004f0                _sstack = .
                0x204024f0                . = (. + STACK_SIZE)
 *fill*         0x204004f0     0x2000 
                0x204024f0                . = ALIGN (0x8)
                0x204024f0                _estack = .

.heap           0x204024f0      0x200 load address 0x00402e8c
                0x204024f0                . = ALIGN (0x8)
                0x204024f0                _sheap = .
                0x204026f0                . = (. + HEAP_SIZE)
 *fill*         0x204024f0      0x200 
                0x204026f0                . = ALIGN (0x8)
                0x204026f0                _eheap = .
                0x204026f0                . = ALIGN (0x4)
                0x204026f0                _end = .
                0x2045ffff                _ram_end_ = ((ORIGIN (ram) + LENGTH (ram)) - 0x1)
OUTPUT(SAMcode1.elf elf32-littlearm)

.ARM.attributes
                0x00000000       0x2e
 .ARM.attributes
                0x00000000       0x1e g:/program files (x86)/atmel/studio/7.0/toolchain/arm/arm-gnu-toolchain/bin/../lib/gcc/arm-none-eabi/6.3.1/thumb/v7e-m/crti.o
 .ARM.attributes
                0x0000001e       0x2e g:/program files (x86)/atmel/studio/7.0/toolchain/arm/arm-gnu-toolchain/bin/../lib/gcc/arm-none-eabi/6.3.1/thumb/v7e-m/crtbegin.o
 .ARM.attributes
                0x0000004c       0x37 src/ASF/common/services/clock/same70/sysclk.o
 .ARM.attributes
                0x00000083       0x37 src/ASF/common/services/delay/sam/cycle_counter.o
 .ARM.attributes
                0x000000ba       0x37 src/ASF/common/utils/interrupt/interrupt_sam_nvic.o
 .ARM.attributes
                0x000000f1       0x37 src/ASF/sam/boards/same70_xplained/init.o
 .ARM.attributes
                0x00000128       0x37 src/ASF/sam/drivers/pio/pio.o
 .ARM.attributes
                0x0000015f       0x37 src/ASF/sam/drivers/pio/pio_handler.o
 .ARM.attributes
                0x00000196       0x37 src/ASF/sam/drivers/pmc/pmc.o
 .ARM.attributes
                0x000001cd       0x37 src/ASF/sam/utils/cmsis/same70/source/templates/gcc/startup_same70.o
 .ARM.attributes
                0x00000204       0x37 src/ASF/sam/utils/cmsis/same70/source/templates/system_same70.o
 .ARM.attributes
                0x0000023b       0x37 src/main.o
 .ARM.attributes
                0x00000272       0x2e g:/program files (x86)/atmel/studio/7.0/toolchain/arm/arm-gnu-toolchain/bin/../lib/gcc/arm-none-eabi/6.3.1/../../../../arm-none-eabi/lib/thumb/v7e-m\libc.a(lib_a-impure.o)
 .ARM.attributes
                0x000002a0       0x2e g:/program files (x86)/atmel/studio/7.0/toolchain/arm/arm-gnu-toolchain/bin/../lib/gcc/arm-none-eabi/6.3.1/../../../../arm-none-eabi/lib/thumb/v7e-m\libc.a(lib_a-init.o)
 .ARM.attributes
                0x000002ce       0x2e g:/program files (x86)/atmel/studio/7.0/toolchain/arm/arm-gnu-toolchain/bin/../lib/gcc/arm-none-eabi/6.3.1/../../../../arm-none-eabi/lib/thumb/v7e-m\libc.a(lib_a-__call_atexit.o)
 .ARM.attributes
                0x000002fc       0x2e g:/program files (x86)/atmel/studio/7.0/toolchain/arm/arm-gnu-toolchain/bin/../lib/gcc/arm-none-eabi/6.3.1/../../../../arm-none-eabi/lib/thumb/v7e-m\libc.a(lib_a-atexit.o)
 .ARM.attributes
                0x0000032a       0x2e g:/program files (x86)/atmel/studio/7.0/toolchain/arm/arm-gnu-toolchain/bin/../lib/gcc/arm-none-eabi/6.3.1/../../../../arm-none-eabi/lib/thumb/v7e-m\libc.a(lib_a-fini.o)
 .ARM.attributes
                0x00000358       0x2e g:/program files (x86)/atmel/studio/7.0/toolchain/arm/arm-gnu-toolchain/bin/../lib/gcc/arm-none-eabi/6.3.1/../../../../arm-none-eabi/lib/thumb/v7e-m\libc.a(lib_a-lock.o)
 .ARM.attributes
                0x00000386       0x2e g:/program files (x86)/atmel/studio/7.0/toolchain/arm/arm-gnu-toolchain/bin/../lib/gcc/arm-none-eabi/6.3.1/../../../../arm-none-eabi/lib/thumb/v7e-m\libc.a(lib_a-__atexit.o)
 .ARM.attributes
                0x000003b4       0x1e g:/program files (x86)/atmel/studio/7.0/toolchain/arm/arm-gnu-toolchain/bin/../lib/gcc/arm-none-eabi/6.3.1/thumb/v7e-m/crtn.o

.comment        0x00000000       0x59
 .comment       0x00000000       0x59 src/ASF/common/services/clock/same70/sysclk.o
                                 0x5a (size before relaxing)
 .comment       0x00000059       0x5a src/ASF/common/services/delay/sam/cycle_counter.o
 .comment       0x00000059       0x5a src/ASF/common/utils/interrupt/interrupt_sam_nvic.o
 .comment       0x00000059       0x5a src/ASF/sam/boards/same70_xplained/init.o
 .comment       0x00000059       0x5a src/ASF/sam/drivers/pio/pio.o
 .comment       0x00000059       0x5a src/ASF/sam/drivers/pio/pio_handler.o
 .comment       0x00000059       0x5a src/ASF/sam/drivers/pmc/pmc.o
 .comment       0x00000059       0x5a src/ASF/sam/utils/cmsis/same70/source/templates/gcc/startup_same70.o
 .comment       0x00000059       0x5a src/ASF/sam/utils/cmsis/same70/source/templates/system_same70.o
 .comment       0x00000059       0x5a src/main.o

.debug_info     0x00000000     0xccf6
 .debug_info    0x00000000     0x1267 src/ASF/common/services/clock/same70/sysclk.o
 .debug_info    0x00001267      0xa45 src/ASF/common/services/delay/sam/cycle_counter.o
 .debug_info    0x00001cac      0xb01 src/ASF/common/utils/interrupt/interrupt_sam_nvic.o
 .debug_info    0x000027ad     0x1e58 src/ASF/sam/boards/same70_xplained/init.o
 .debug_info    0x00004605     0x2150 src/ASF/sam/drivers/pio/pio.o
 .debug_info    0x00006755     0x1b22 src/ASF/sam/drivers/pio/pio_handler.o
 .debug_info    0x00008277     0x1e0e src/ASF/sam/drivers/pmc/pmc.o
 .debug_info    0x0000a085     0x156a src/ASF/sam/utils/cmsis/same70/source/templates/gcc/startup_same70.o
 .debug_info    0x0000b5ef      0x55b src/ASF/sam/utils/cmsis/same70/source/templates/system_same70.o
 .debug_info    0x0000bb4a     0x11ac src/main.o

.debug_abbrev   0x00000000     0x1bb3
 .debug_abbrev  0x00000000      0x31f src/ASF/common/services/clock/same70/sysclk.o
 .debug_abbrev  0x0000031f      0x1b3 src/ASF/common/services/delay/sam/cycle_counter.o
 .debug_abbrev  0x000004d2      0x212 src/ASF/common/utils/interrupt/interrupt_sam_nvic.o
 .debug_abbrev  0x000006e4      0x32f src/ASF/sam/boards/same70_xplained/init.o
 .debug_abbrev  0x00000a13      0x410 src/ASF/sam/drivers/pio/pio.o
 .debug_abbrev  0x00000e23      0x32f src/ASF/sam/drivers/pio/pio_handler.o
 .debug_abbrev  0x00001152      0x369 src/ASF/sam/drivers/pmc/pmc.o
 .debug_abbrev  0x000014bb      0x2e4 src/ASF/sam/utils/cmsis/same70/source/templates/gcc/startup_same70.o
 .debug_abbrev  0x0000179f      0x102 src/ASF/sam/utils/cmsis/same70/source/templates/system_same70.o
 .debug_abbrev  0x000018a1      0x312 src/main.o

.debug_loc      0x00000000     0x2544
 .debug_loc     0x00000000      0x183 src/ASF/common/services/clock/same70/sysclk.o
 .debug_loc     0x00000183      0x1c9 src/ASF/sam/boards/same70_xplained/init.o
 .debug_loc     0x0000034c      0xea4 src/ASF/sam/drivers/pio/pio.o
 .debug_loc     0x000011f0      0x588 src/ASF/sam/drivers/pio/pio_handler.o
 .debug_loc     0x00001778      0xce3 src/ASF/sam/drivers/pmc/pmc.o
 .debug_loc     0x0000245b       0x77 src/ASF/sam/utils/cmsis/same70/source/templates/gcc/startup_same70.o
 .debug_loc     0x000024d2       0x72 src/main.o

.debug_aranges  0x00000000      0x578
 .debug_aranges
                0x00000000       0x40 src/ASF/common/services/clock/same70/sysclk.o
 .debug_aranges
                0x00000040       0x20 src/ASF/common/services/delay/sam/cycle_counter.o
 .debug_aranges
                0x00000060       0x28 src/ASF/common/utils/interrupt/interrupt_sam_nvic.o
 .debug_aranges
                0x00000088       0x20 src/ASF/sam/boards/same70_xplained/init.o
 .debug_aranges
                0x000000a8      0x1a8 src/ASF/sam/drivers/pio/pio.o
 .debug_aranges
                0x00000250       0x60 src/ASF/sam/drivers/pio/pio_handler.o
 .debug_aranges
                0x000002b0      0x250 src/ASF/sam/drivers/pmc/pmc.o
 .debug_aranges
                0x00000500       0x28 src/ASF/sam/utils/cmsis/same70/source/templates/gcc/startup_same70.o
 .debug_aranges
                0x00000528       0x30 src/ASF/sam/utils/cmsis/same70/source/templates/system_same70.o
 .debug_aranges
                0x00000558       0x20 src/main.o

.debug_ranges   0x00000000      0x610
 .debug_ranges  0x00000000       0x30 src/ASF/common/services/clock/same70/sysclk.o
 .debug_ranges  0x00000030       0x10 src/ASF/common/services/delay/sam/cycle_counter.o
 .debug_ranges  0x00000040       0x18 src/ASF/common/utils/interrupt/interrupt_sam_nvic.o
 .debug_ranges  0x00000058       0x10 src/ASF/sam/boards/same70_xplained/init.o
 .debug_ranges  0x00000068      0x2a0 src/ASF/sam/drivers/pio/pio.o
 .debug_ranges  0x00000308       0x68 src/ASF/sam/drivers/pio/pio_handler.o
 .debug_ranges  0x00000370      0x240 src/ASF/sam/drivers/pmc/pmc.o
 .debug_ranges  0x000005b0       0x18 src/ASF/sam/utils/cmsis/same70/source/templates/gcc/startup_same70.o
 .debug_ranges  0x000005c8       0x20 src/ASF/sam/utils/cmsis/same70/source/templates/system_same70.o
 .debug_ranges  0x000005e8       0x28 src/main.o

.debug_macro    0x00000000    0x1c971
 .debug_macro   0x00000000      0x6d1 src/ASF/common/services/clock/same70/sysclk.o
 .debug_macro   0x000006d1      0x8ce src/ASF/common/services/clock/same70/sysclk.o
 .debug_macro   0x00000f9f      0x64b src/ASF/common/services/clock/same70/sysclk.o
 .debug_macro   0x000015ea       0x3a src/ASF/common/services/clock/same70/sysclk.o
 .debug_macro   0x00001624      0x16d src/ASF/common/services/clock/same70/sysclk.o
 .debug_macro   0x00001791       0x76 src/ASF/common/services/clock/same70/sysclk.o
 .debug_macro   0x00001807       0x16 src/ASF/common/services/clock/same70/sysclk.o
 .debug_macro   0x0000181d      0x6e4 src/ASF/common/services/clock/same70/sysclk.o
 .debug_macro   0x00001f01       0x22 src/ASF/common/services/clock/same70/sysclk.o
 .debug_macro   0x00001f23       0x87 src/ASF/common/services/clock/same70/sysclk.o
 .debug_macro   0x00001faa       0x51 src/ASF/common/services/clock/same70/sysclk.o
 .debug_macro   0x00001ffb       0xef src/ASF/common/services/clock/same70/sysclk.o
 .debug_macro   0x000020ea       0x6a src/ASF/common/services/clock/same70/sysclk.o
 .debug_macro   0x00002154      0x1df src/ASF/common/services/clock/same70/sysclk.o
 .debug_macro   0x00002333       0x4a src/ASF/common/services/clock/same70/sysclk.o
 .debug_macro   0x0000237d       0x3b src/ASF/common/services/clock/same70/sysclk.o
 .debug_macro   0x000023b8       0x2d src/ASF/common/services/clock/same70/sysclk.o
 .debug_macro   0x000023e5       0x26 src/ASF/common/services/clock/same70/sysclk.o
 .debug_macro   0x0000240b      0xf9a src/ASF/common/services/clock/same70/sysclk.o
 .debug_macro   0x000033a5      0x175 src/ASF/common/services/clock/same70/sysclk.o
 .debug_macro   0x0000351a      0x257 src/ASF/common/services/clock/same70/sysclk.o
 .debug_macro   0x00003771      0xa0f src/ASF/common/services/clock/same70/sysclk.o
 .debug_macro   0x00004180      0x1b9 src/ASF/common/services/clock/same70/sysclk.o
 .debug_macro   0x00004339      0x336 src/ASF/common/services/clock/same70/sysclk.o
 .debug_macro   0x0000466f      0x15b src/ASF/common/services/clock/same70/sysclk.o
 .debug_macro   0x000047ca     0x1851 src/ASF/common/services/clock/same70/sysclk.o
 .debug_macro   0x0000601b       0x1c src/ASF/common/services/clock/same70/sysclk.o
 .debug_macro   0x00006037      0x68d src/ASF/common/services/clock/same70/sysclk.o
 .debug_macro   0x000066c4      0x31e src/ASF/common/services/clock/same70/sysclk.o
 .debug_macro   0x000069e2      0x4d4 src/ASF/common/services/clock/same70/sysclk.o
 .debug_macro   0x00006eb6      0x56e src/ASF/common/services/clock/same70/sysclk.o
 .debug_macro   0x00007424     0x1332 src/ASF/common/services/clock/same70/sysclk.o
 .debug_macro   0x00008756     0x278d src/ASF/common/services/clock/same70/sysclk.o
 .debug_macro   0x0000aee3     0x102b src/ASF/common/services/clock/same70/sysclk.o
 .debug_macro   0x0000bf0e      0xe01 src/ASF/common/services/clock/same70/sysclk.o
 .debug_macro   0x0000cd0f      0x3b1 src/ASF/common/services/clock/same70/sysclk.o
 .debug_macro   0x0000d0c0       0xa0 src/ASF/common/services/clock/same70/sysclk.o
 .debug_macro   0x0000d160       0x76 src/ASF/common/services/clock/same70/sysclk.o
 .debug_macro   0x0000d1d6      0x409 src/ASF/common/services/clock/same70/sysclk.o
 .debug_macro   0x0000d5df       0x64 src/ASF/common/services/clock/same70/sysclk.o
 .debug_macro   0x0000d643      0x284 src/ASF/common/services/clock/same70/sysclk.o
 .debug_macro   0x0000d8c7      0x1d0 src/ASF/common/services/clock/same70/sysclk.o
 .debug_macro   0x0000da97      0x248 src/ASF/common/services/clock/same70/sysclk.o
 .debug_macro   0x0000dcdf      0x524 src/ASF/common/services/clock/same70/sysclk.o
 .debug_macro   0x0000e203      0x63b src/ASF/common/services/clock/same70/sysclk.o
 .debug_macro   0x0000e83e      0x6b8 src/ASF/common/services/clock/same70/sysclk.o
 .debug_macro   0x0000eef6       0x4c src/ASF/common/services/clock/same70/sysclk.o
 .debug_macro   0x0000ef42      0x468 src/ASF/common/services/clock/same70/sysclk.o
 .debug_macro   0x0000f3aa      0x207 src/ASF/common/services/clock/same70/sysclk.o
 .debug_macro   0x0000f5b1      0x866 src/ASF/common/services/clock/same70/sysclk.o
 .debug_macro   0x0000fe17     0x1547 src/ASF/common/services/clock/same70/sysclk.o
 .debug_macro   0x0001135e       0x40 src/ASF/common/services/clock/same70/sysclk.o
 .debug_macro   0x0001139e       0x76 src/ASF/common/services/clock/same70/sysclk.o
 .debug_macro   0x00011414      0xdaf src/ASF/common/services/clock/same70/sysclk.o
 .debug_macro   0x000121c3       0x82 src/ASF/common/services/clock/same70/sysclk.o
 .debug_macro   0x00012245       0x76 src/ASF/common/services/clock/same70/sysclk.o
 .debug_macro   0x000122bb       0x4c src/ASF/common/services/clock/same70/sysclk.o
 .debug_macro   0x00012307      0x135 src/ASF/common/services/clock/same70/sysclk.o
 .debug_macro   0x0001243c      0x135 src/ASF/common/services/clock/same70/sysclk.o
 .debug_macro   0x00012571      0x135 src/ASF/common/services/clock/same70/sysclk.o
 .debug_macro   0x000126a6       0x6a src/ASF/common/services/clock/same70/sysclk.o
 .debug_macro   0x00012710       0x6a src/ASF/common/services/clock/same70/sysclk.o
 .debug_macro   0x0001277a      0x313 src/ASF/common/services/clock/same70/sysclk.o
 .debug_macro   0x00012a8d       0xb2 src/ASF/common/services/clock/same70/sysclk.o
 .debug_macro   0x00012b3f       0xb2 src/ASF/common/services/clock/same70/sysclk.o
 .debug_macro   0x00012bf1       0xb2 src/ASF/common/services/clock/same70/sysclk.o
 .debug_macro   0x00012ca3      0x11d src/ASF/common/services/clock/same70/sysclk.o
 .debug_macro   0x00012dc0      0x11d src/ASF/common/services/clock/same70/sysclk.o
 .debug_macro   0x00012edd      0x2cd src/ASF/common/services/clock/same70/sysclk.o
 .debug_macro   0x000131aa       0xb8 src/ASF/common/services/clock/same70/sysclk.o
 .debug_macro   0x00013262       0x5e src/ASF/common/services/clock/same70/sysclk.o
 .debug_macro   0x000132c0       0x40 src/ASF/common/services/clock/same70/sysclk.o
 .debug_macro   0x00013300       0x4c src/ASF/common/services/clock/same70/sysclk.o
 .debug_macro   0x0001334c       0xa0 src/ASF/common/services/clock/same70/sysclk.o
 .debug_macro   0x000133ec      0x494 src/ASF/common/services/clock/same70/sysclk.o
 .debug_macro   0x00013880      0x135 src/ASF/common/services/clock/same70/sysclk.o
 .debug_macro   0x000139b5       0x4c src/ASF/common/services/clock/same70/sysclk.o
 .debug_macro   0x00013a01      0x313 src/ASF/common/services/clock/same70/sysclk.o
 .debug_macro   0x00013d14       0x6a src/ASF/common/services/clock/same70/sysclk.o
 .debug_macro   0x00013d7e       0xb8 src/ASF/common/services/clock/same70/sysclk.o
 .debug_macro   0x00013e36       0x6a src/ASF/common/services/clock/same70/sysclk.o
 .debug_macro   0x00013ea0       0x2e src/ASF/common/services/clock/same70/sysclk.o
 .debug_macro   0x00013ece      0x9b1 src/ASF/common/services/clock/same70/sysclk.o
 .debug_macro   0x0001487f       0x6a src/ASF/common/services/clock/same70/sysclk.o
 .debug_macro   0x000148e9       0x88 src/ASF/common/services/clock/same70/sysclk.o
 .debug_macro   0x00014971       0x58 src/ASF/common/services/clock/same70/sysclk.o
 .debug_macro   0x000149c9       0xe2 src/ASF/common/services/clock/same70/sysclk.o
 .debug_macro   0x00014aab       0x16 src/ASF/common/services/clock/same70/sysclk.o
 .debug_macro   0x00014ac1       0xe2 src/ASF/common/services/clock/same70/sysclk.o
 .debug_macro   0x00014ba3       0x4c src/ASF/common/services/clock/same70/sysclk.o
 .debug_macro   0x00014bef       0x16 src/ASF/common/services/clock/same70/sysclk.o
 .debug_macro   0x00014c05       0x4c src/ASF/common/services/clock/same70/sysclk.o
 .debug_macro   0x00014c51       0x2e src/ASF/common/services/clock/same70/sysclk.o
 .debug_macro   0x00014c7f      0x1b5 src/ASF/common/services/clock/same70/sysclk.o
 .debug_macro   0x00014e34      0x1b5 src/ASF/common/services/clock/same70/sysclk.o
 .debug_macro   0x00014fe9      0x1b5 src/ASF/common/services/clock/same70/sysclk.o
 .debug_macro   0x0001519e      0x1b5 src/ASF/common/services/clock/same70/sysclk.o
 .debug_macro   0x00015353      0x1b5 src/ASF/common/services/clock/same70/sysclk.o
 .debug_macro   0x00015508       0x1c src/ASF/common/services/clock/same70/sysclk.o
 .debug_macro   0x00015524       0x2e src/ASF/common/services/clock/same70/sysclk.o
 .debug_macro   0x00015552       0x22 src/ASF/common/services/clock/same70/sysclk.o
 .debug_macro   0x00015574       0x1c src/ASF/common/services/clock/same70/sysclk.o
 .debug_macro   0x00015590       0x52 src/ASF/common/services/clock/same70/sysclk.o
 .debug_macro   0x000155e2       0x10 src/ASF/common/services/clock/same70/sysclk.o
 .debug_macro   0x000155f2       0x1c src/ASF/common/services/clock/same70/sysclk.o
 .debug_macro   0x0001560e       0x4c src/ASF/common/services/clock/same70/sysclk.o
 .debug_macro   0x0001565a       0x4c src/ASF/common/services/clock/same70/sysclk.o
 .debug_macro   0x000156a6       0x4c src/ASF/common/services/clock/same70/sysclk.o
 .debug_macro   0x000156f2      0x31b src/ASF/common/services/clock/same70/sysclk.o
 .debug_macro   0x00015a0d     0x1022 src/ASF/common/services/clock/same70/sysclk.o
 .debug_macro   0x00016a2f      0x107 src/ASF/common/services/clock/same70/sysclk.o
 .debug_macro   0x00016b36       0x58 src/ASF/common/services/clock/same70/sysclk.o
 .debug_macro   0x00016b8e       0x35 src/ASF/common/services/clock/same70/sysclk.o
 .debug_macro   0x00016bc3       0x9c src/ASF/common/services/clock/same70/sysclk.o
 .debug_macro   0x00016c5f       0x16 src/ASF/common/services/clock/same70/sysclk.o
 .debug_macro   0x00016c75       0x35 src/ASF/common/services/clock/same70/sysclk.o
 .debug_macro   0x00016caa      0x353 src/ASF/common/services/clock/same70/sysclk.o
 .debug_macro   0x00016ffd       0x10 src/ASF/common/services/clock/same70/sysclk.o
 .debug_macro   0x0001700d       0x58 src/ASF/common/services/clock/same70/sysclk.o
 .debug_macro   0x00017065       0x1f src/ASF/common/services/clock/same70/sysclk.o
 .debug_macro   0x00017084       0x43 src/ASF/common/services/clock/same70/sysclk.o
 .debug_macro   0x000170c7       0x20 src/ASF/common/services/clock/same70/sysclk.o
 .debug_macro   0x000170e7      0x187 src/ASF/common/services/clock/same70/sysclk.o
 .debug_macro   0x0001726e       0x10 src/ASF/common/services/clock/same70/sysclk.o
 .debug_macro   0x0001727e       0x1c src/ASF/common/services/clock/same70/sysclk.o
 .debug_macro   0x0001729a       0x52 src/ASF/common/services/clock/same70/sysclk.o
 .debug_macro   0x000172ec       0x40 src/ASF/common/services/clock/same70/sysclk.o
 .debug_macro   0x0001732c       0x10 src/ASF/common/services/clock/same70/sysclk.o
 .debug_macro   0x0001733c       0x40 src/ASF/common/services/clock/same70/sysclk.o
 .debug_macro   0x0001737c       0xd7 src/ASF/common/services/clock/same70/sysclk.o
 .debug_macro   0x00017453       0x16 src/ASF/common/services/clock/same70/sysclk.o
 .debug_macro   0x00017469      0x18b src/ASF/common/services/clock/same70/sysclk.o
 .debug_macro   0x000175f4       0x22 src/ASF/common/services/clock/same70/sysclk.o
 .debug_macro   0x00017616       0x16 src/ASF/common/services/clock/same70/sysclk.o
 .debug_macro   0x0001762c       0x16 src/ASF/common/services/clock/same70/sysclk.o
 .debug_macro   0x00017642       0x29 src/ASF/common/services/clock/same70/sysclk.o
 .debug_macro   0x0001766b       0x75 src/ASF/common/services/clock/same70/sysclk.o
 .debug_macro   0x000176e0       0x3f src/ASF/common/services/clock/same70/sysclk.o
 .debug_macro   0x0001771f      0x3ca src/ASF/common/services/clock/same70/sysclk.o
 .debug_macro   0x00017ae9      0x2c0 src/ASF/common/services/clock/same70/sysclk.o
 .debug_macro   0x00017da9      0xa96 src/ASF/common/services/clock/same70/sysclk.o
 .debug_macro   0x0001883f       0x70 src/ASF/common/services/clock/same70/sysclk.o
 .debug_macro   0x000188af       0x64 src/ASF/common/services/clock/same70/sysclk.o
 .debug_macro   0x00018913       0x5f src/ASF/common/services/clock/same70/sysclk.o
 .debug_macro   0x00018972       0xac src/ASF/common/services/clock/same70/sysclk.o
 .debug_macro   0x00018a1e      0x665 src/ASF/common/services/delay/sam/cycle_counter.o
 .debug_macro   0x00019083       0x22 src/ASF/common/services/delay/sam/cycle_counter.o
 .debug_macro   0x000190a5      0x655 src/ASF/common/utils/interrupt/interrupt_sam_nvic.o
 .debug_macro   0x000196fa      0x70b src/ASF/sam/boards/same70_xplained/init.o
 .debug_macro   0x00019e05       0x58 src/ASF/sam/boards/same70_xplained/init.o
 .debug_macro   0x00019e5d       0x82 src/ASF/sam/boards/same70_xplained/init.o
 .debug_macro   0x00019edf       0x94 src/ASF/sam/boards/same70_xplained/init.o
 .debug_macro   0x00019f73      0x66b src/ASF/sam/drivers/pio/pio.o
 .debug_macro   0x0001a5de       0x8e src/ASF/sam/drivers/pio/pio.o
 .debug_macro   0x0001a66c      0x676 src/ASF/sam/drivers/pio/pio_handler.o
 .debug_macro   0x0001ace2      0x66b src/ASF/sam/drivers/pmc/pmc.o
 .debug_macro   0x0001b34d       0x6a src/ASF/sam/drivers/pmc/pmc.o
 .debug_macro   0x0001b3b7      0x664 src/ASF/sam/utils/cmsis/same70/source/templates/gcc/startup_same70.o
 .debug_macro   0x0001ba1b       0x10 src/ASF/sam/utils/cmsis/same70/source/templates/gcc/startup_same70.o
 .debug_macro   0x0001ba2b      0x455 src/ASF/sam/utils/cmsis/same70/source/templates/system_same70.o
 .debug_macro   0x0001be80      0x7de src/main.o
 .debug_macro   0x0001c65e       0x28 src/main.o
 .debug_macro   0x0001c686       0x23 src/main.o
 .debug_macro   0x0001c6a9       0x40 src/main.o
 .debug_macro   0x0001c6e9       0x88 src/main.o
 .debug_macro   0x0001c771      0x1ce src/main.o
 .debug_macro   0x0001c93f       0x16 src/main.o
 .debug_macro   0x0001c955       0x1c src/main.o

.debug_line     0x00000000     0x75cd
 .debug_line    0x00000000      0xb4f src/ASF/common/services/clock/same70/sysclk.o
 .debug_line    0x00000b4f      0x9ed src/ASF/common/services/delay/sam/cycle_counter.o
 .debug_line    0x0000153c      0xa01 src/ASF/common/utils/interrupt/interrupt_sam_nvic.o
 .debug_line    0x00001f3d      0xbd9 src/ASF/sam/boards/same70_xplained/init.o
 .debug_line    0x00002b16      0xee3 src/ASF/sam/drivers/pio/pio.o
 .debug_line    0x000039f9      0xabf src/ASF/sam/drivers/pio/pio_handler.o
 .debug_line    0x000044b8     0x106b src/ASF/sam/drivers/pmc/pmc.o
 .debug_line    0x00005523      0xa73 src/ASF/sam/utils/cmsis/same70/source/templates/gcc/startup_same70.o
 .debug_line    0x00005f96      0x7e9 src/ASF/sam/utils/cmsis/same70/source/templates/system_same70.o
 .debug_line    0x0000677f      0xe4e src/main.o

.debug_str      0x00000000    0x89e3e
 .debug_str     0x00000000    0x85ee6 src/ASF/common/services/clock/same70/sysclk.o
                              0x86591 (size before relaxing)
 .debug_str     0x00085ee6      0x1b5 src/ASF/common/services/delay/sam/cycle_counter.o
                              0x82073 (size before relaxing)
 .debug_str     0x0008609b       0x94 src/ASF/common/utils/interrupt/interrupt_sam_nvic.o
                              0x81f43 (size before relaxing)
 .debug_str     0x0008612f     0x108d src/ASF/sam/boards/same70_xplained/init.o
                              0x87235 (size before relaxing)
 .debug_str     0x000871bc      0x5b8 src/ASF/sam/drivers/pio/pio.o
                              0x82a99 (size before relaxing)
 .debug_str     0x00087774      0x446 src/ASF/sam/drivers/pio/pio_handler.o
                              0x82bbb (size before relaxing)
 .debug_str     0x00087bba      0x6b5 src/ASF/sam/drivers/pmc/pmc.o
                              0x82bfd (size before relaxing)
 .debug_str     0x0008826f      0x6a3 src/ASF/sam/utils/cmsis/same70/source/templates/gcc/startup_same70.o
                              0x82710 (size before relaxing)
 .debug_str     0x00088912      0x137 src/ASF/sam/utils/cmsis/same70/source/templates/system_same70.o
                              0x7281c (size before relaxing)
 .debug_str     0x00088a49     0x13f5 src/main.o
                              0x8823a (size before relaxing)

.debug_frame    0x00000000      0xc94
 .debug_frame   0x00000000       0x88 src/ASF/common/services/clock/same70/sysclk.o
 .debug_frame   0x00000088       0x20 src/ASF/common/services/delay/sam/cycle_counter.o
 .debug_frame   0x000000a8       0x30 src/ASF/common/utils/interrupt/interrupt_sam_nvic.o
 .debug_frame   0x000000d8       0x28 src/ASF/sam/boards/same70_xplained/init.o
 .debug_frame   0x00000100      0x390 src/ASF/sam/drivers/pio/pio.o
 .debug_frame   0x00000490      0x110 src/ASF/sam/drivers/pio/pio_handler.o
 .debug_frame   0x000005a0      0x494 src/ASF/sam/drivers/pmc/pmc.o
 .debug_frame   0x00000a34       0x38 src/ASF/sam/utils/cmsis/same70/source/templates/gcc/startup_same70.o
 .debug_frame   0x00000a6c       0x40 src/ASF/sam/utils/cmsis/same70/source/templates/system_same70.o
 .debug_frame   0x00000aac       0x28 src/main.o
 .debug_frame   0x00000ad4       0x2c g:/program files (x86)/atmel/studio/7.0/toolchain/arm/arm-gnu-toolchain/bin/../lib/gcc/arm-none-eabi/6.3.1/../../../../arm-none-eabi/lib/thumb/v7e-m\libc.a(lib_a-init.o)
 .debug_frame   0x00000b00       0x5c g:/program files (x86)/atmel/studio/7.0/toolchain/arm/arm-gnu-toolchain/bin/../lib/gcc/arm-none-eabi/6.3.1/../../../../arm-none-eabi/lib/thumb/v7e-m\libc.a(lib_a-__call_atexit.o)
 .debug_frame   0x00000b5c       0x20 g:/program files (x86)/atmel/studio/7.0/toolchain/arm/arm-gnu-toolchain/bin/../lib/gcc/arm-none-eabi/6.3.1/../../../../arm-none-eabi/lib/thumb/v7e-m\libc.a(lib_a-atexit.o)
 .debug_frame   0x00000b7c       0x34 g:/program files (x86)/atmel/studio/7.0/toolchain/arm/arm-gnu-toolchain/bin/../lib/gcc/arm-none-eabi/6.3.1/../../../../arm-none-eabi/lib/thumb/v7e-m\libc.a(lib_a-fini.o)
 .debug_frame   0x00000bb0       0xb0 g:/program files (x86)/atmel/studio/7.0/toolchain/arm/arm-gnu-toolchain/bin/../lib/gcc/arm-none-eabi/6.3.1/../../../../arm-none-eabi/lib/thumb/v7e-m\libc.a(lib_a-lock.o)
 .debug_frame   0x00000c60       0x34 g:/program files (x86)/atmel/studio/7.0/toolchain/arm/arm-gnu-toolchain/bin/../lib/gcc/arm-none-eabi/6.3.1/../../../../arm-none-eabi/lib/thumb/v7e-m\libc.a(lib_a-__atexit.o)

Cross Reference Table

Symbol                                            File
ACC_Handler                                       src/ASF/sam/utils/cmsis/same70/source/templates/gcc/startup_same70.o
AES_Handler                                       src/ASF/sam/utils/cmsis/same70/source/templates/gcc/startup_same70.o
AFEC0_Handler                                     src/ASF/sam/utils/cmsis/same70/source/templates/gcc/startup_same70.o
AFEC1_Handler                                     src/ASF/sam/utils/cmsis/same70/source/templates/gcc/startup_same70.o
BusFault_Handler                                  src/ASF/sam/utils/cmsis/same70/source/templates/gcc/startup_same70.o
DACC_Handler                                      src/ASF/sam/utils/cmsis/same70/source/templates/gcc/startup_same70.o
DebugMon_Handler                                  src/ASF/sam/utils/cmsis/same70/source/templates/gcc/startup_same70.o
Dummy_Handler                                     src/ASF/sam/utils/cmsis/same70/source/templates/gcc/startup_same70.o
EFC_Handler                                       src/ASF/sam/utils/cmsis/same70/source/templates/gcc/startup_same70.o
GMAC_Handler                                      src/ASF/sam/utils/cmsis/same70/source/templates/gcc/startup_same70.o
HSMCI_Handler                                     src/ASF/sam/utils/cmsis/same70/source/templates/gcc/startup_same70.o
HardFault_Handler                                 src/ASF/sam/utils/cmsis/same70/source/templates/gcc/startup_same70.o
ICM_Handler                                       src/ASF/sam/utils/cmsis/same70/source/templates/gcc/startup_same70.o
ISI_Handler                                       src/ASF/sam/utils/cmsis/same70/source/templates/gcc/startup_same70.o
MCAN0_Handler                                     src/ASF/sam/utils/cmsis/same70/source/templates/gcc/startup_same70.o
MCAN1_Handler                                     src/ASF/sam/utils/cmsis/same70/source/templates/gcc/startup_same70.o
MemManage_Handler                                 src/ASF/sam/utils/cmsis/same70/source/templates/gcc/startup_same70.o
NMI_Handler                                       src/ASF/sam/utils/cmsis/same70/source/templates/gcc/startup_same70.o
PIOA_Handler                                      src/ASF/sam/drivers/pio/pio_handler.o
PIOB_Handler                                      src/ASF/sam/drivers/pio/pio_handler.o
PIOC_Handler                                      src/ASF/sam/drivers/pio/pio_handler.o
PIOD_Handler                                      src/ASF/sam/drivers/pio/pio_handler.o
PIOE_Handler                                      src/ASF/sam/drivers/pio/pio_handler.o
PMC_Handler                                       src/ASF/sam/utils/cmsis/same70/source/templates/gcc/startup_same70.o
PWM0_Handler                                      src/ASF/sam/utils/cmsis/same70/source/templates/gcc/startup_same70.o
PWM1_Handler                                      src/ASF/sam/utils/cmsis/same70/source/templates/gcc/startup_same70.o
PendSV_Handler                                    src/ASF/sam/utils/cmsis/same70/source/templates/gcc/startup_same70.o
QSPI_Handler                                      src/ASF/sam/utils/cmsis/same70/source/templates/gcc/startup_same70.o
RSTC_Handler                                      src/ASF/sam/utils/cmsis/same70/source/templates/gcc/startup_same70.o
RSWDT_Handler                                     src/ASF/sam/utils/cmsis/same70/source/templates/gcc/startup_same70.o
RTC_Handler                                       src/ASF/sam/utils/cmsis/same70/source/templates/gcc/startup_same70.o
RTT_Handler                                       src/ASF/sam/utils/cmsis/same70/source/templates/gcc/startup_same70.o
Reset_Handler                                     src/ASF/sam/utils/cmsis/same70/source/templates/gcc/startup_same70.o
SDRAMC_Handler                                    src/ASF/sam/utils/cmsis/same70/source/templates/gcc/startup_same70.o
SPI0_Handler                                      src/ASF/sam/utils/cmsis/same70/source/templates/gcc/startup_same70.o
SPI1_Handler                                      src/ASF/sam/utils/cmsis/same70/source/templates/gcc/startup_same70.o
SSC_Handler                                       src/ASF/sam/utils/cmsis/same70/source/templates/gcc/startup_same70.o
SUPC_Handler                                      src/ASF/sam/utils/cmsis/same70/source/templates/gcc/startup_same70.o
SVC_Handler                                       src/ASF/sam/utils/cmsis/same70/source/templates/gcc/startup_same70.o
SysTick_Handler                                   src/ASF/sam/utils/cmsis/same70/source/templates/gcc/startup_same70.o
SystemCoreClock                                   src/ASF/sam/utils/cmsis/same70/source/templates/system_same70.o
SystemCoreClockUpdate                             src/ASF/sam/utils/cmsis/same70/source/templates/system_same70.o
                                                  src/ASF/common/services/clock/same70/sysclk.o
SystemInit                                        src/ASF/sam/utils/cmsis/same70/source/templates/system_same70.o
TC0_Handler                                       src/ASF/sam/utils/cmsis/same70/source/templates/gcc/startup_same70.o
TC10_Handler                                      src/ASF/sam/utils/cmsis/same70/source/templates/gcc/startup_same70.o
TC11_Handler                                      src/ASF/sam/utils/cmsis/same70/source/templates/gcc/startup_same70.o
TC1_Handler                                       src/ASF/sam/utils/cmsis/same70/source/templates/gcc/startup_same70.o
TC2_Handler                                       src/ASF/sam/utils/cmsis/same70/source/templates/gcc/startup_same70.o
TC3_Handler                                       src/ASF/sam/utils/cmsis/same70/source/templates/gcc/startup_same70.o
TC4_Handler                                       src/ASF/sam/utils/cmsis/same70/source/templates/gcc/startup_same70.o
TC5_Handler                                       src/ASF/sam/utils/cmsis/same70/source/templates/gcc/startup_same70.o
TC6_Handler                                       src/ASF/sam/utils/cmsis/same70/source/templates/gcc/startup_same70.o
TC7_Handler                                       src/ASF/sam/utils/cmsis/same70/source/templates/gcc/startup_same70.o
TC8_Handler                                       src/ASF/sam/utils/cmsis/same70/source/templates/gcc/startup_same70.o
TC9_Handler                                       src/ASF/sam/utils/cmsis/same70/source/templates/gcc/startup_same70.o
TRNG_Handler                                      src/ASF/sam/utils/cmsis/same70/source/templates/gcc/startup_same70.o
TWIHS0_Handler                                    src/ASF/sam/utils/cmsis/same70/source/templates/gcc/startup_same70.o
TWIHS1_Handler                                    src/ASF/sam/utils/cmsis/same70/source/templates/gcc/startup_same70.o
TWIHS2_Handler                                    src/ASF/sam/utils/cmsis/same70/source/templates/gcc/startup_same70.o
UART0_Handler                                     src/ASF/sam/utils/cmsis/same70/source/templates/gcc/startup_same70.o
UART1_Handler                                     src/ASF/sam/utils/cmsis/same70/source/templates/gcc/startup_same70.o
UART2_Handler                                     src/ASF/sam/utils/cmsis/same70/source/templates/gcc/startup_same70.o
UART3_Handler                                     src/ASF/sam/utils/cmsis/same70/source/templates/gcc/startup_same70.o
UART4_Handler                                     src/ASF/sam/utils/cmsis/same70/source/templates/gcc/startup_same70.o
USART0_Handler                                    src/ASF/sam/utils/cmsis/same70/source/templates/gcc/startup_same70.o
USART1_Handler                                    src/ASF/sam/utils/cmsis/same70/source/templates/gcc/startup_same70.o
USART2_Handler                                    src/ASF/sam/utils/cmsis/same70/source/templates/gcc/startup_same70.o
USBHS_Handler                                     src/ASF/sam/utils/cmsis/same70/source/templates/gcc/startup_same70.o
UsageFault_Handler                                src/ASF/sam/utils/cmsis/same70/source/templates/gcc/startup_same70.o
WDT_Handler                                       src/ASF/sam/utils/cmsis/same70/source/templates/gcc/startup_same70.o
XDMAC_Handler                                     src/ASF/sam/utils/cmsis/same70/source/templates/gcc/startup_same70.o
_Jv_RegisterClasses                               g:/program files (x86)/atmel/studio/7.0/toolchain/arm/arm-gnu-toolchain/bin/../lib/gcc/arm-none-eabi/6.3.1/thumb/v7e-m/crtbegin.o
__atexit_recursive_mutex                          g:/program files (x86)/atmel/studio/7.0/toolchain/arm/arm-gnu-toolchain/bin/../lib/gcc/arm-none-eabi/6.3.1/../../../../arm-none-eabi/lib/thumb/v7e-m\libc.a(lib_a-__call_atexit.o)
                                                  g:/program files (x86)/atmel/studio/7.0/toolchain/arm/arm-gnu-toolchain/bin/../lib/gcc/arm-none-eabi/6.3.1/../../../../arm-none-eabi/lib/thumb/v7e-m\libc.a(lib_a-__atexit.o)
__bss_end__                                       g:/program files (x86)/atmel/studio/7.0/toolchain/arm/arm-gnu-toolchain/bin/../lib/gcc/arm-none-eabi/6.3.1/../../../../arm-none-eabi/lib/thumb/v7e-m/crt0.o
__bss_start__                                     g:/program files (x86)/atmel/studio/7.0/toolchain/arm/arm-gnu-toolchain/bin/../lib/gcc/arm-none-eabi/6.3.1/../../../../arm-none-eabi/lib/thumb/v7e-m/crt0.o
__call_exitprocs                                  g:/program files (x86)/atmel/studio/7.0/toolchain/arm/arm-gnu-toolchain/bin/../lib/gcc/arm-none-eabi/6.3.1/../../../../arm-none-eabi/lib/thumb/v7e-m\libc.a(lib_a-__call_atexit.o)
                                                  g:/program files (x86)/atmel/studio/7.0/toolchain/arm/arm-gnu-toolchain/bin/../lib/gcc/arm-none-eabi/6.3.1/../../../../arm-none-eabi/lib/thumb/v7e-m\libc.a(lib_a-exit.o)
__deregister_frame_info                           g:/program files (x86)/atmel/studio/7.0/toolchain/arm/arm-gnu-toolchain/bin/../lib/gcc/arm-none-eabi/6.3.1/thumb/v7e-m/crtbegin.o
__dso_handle                                      g:/program files (x86)/atmel/studio/7.0/toolchain/arm/arm-gnu-toolchain/bin/../lib/gcc/arm-none-eabi/6.3.1/thumb/v7e-m/crtbegin.o
__fini_array_end                                  g:/program files (x86)/atmel/studio/7.0/toolchain/arm/arm-gnu-toolchain/bin/../lib/gcc/arm-none-eabi/6.3.1/../../../../arm-none-eabi/lib/thumb/v7e-m\libc.a(lib_a-fini.o)
__fini_array_start                                g:/program files (x86)/atmel/studio/7.0/toolchain/arm/arm-gnu-toolchain/bin/../lib/gcc/arm-none-eabi/6.3.1/../../../../arm-none-eabi/lib/thumb/v7e-m\libc.a(lib_a-fini.o)
__init_array_end                                  g:/program files (x86)/atmel/studio/7.0/toolchain/arm/arm-gnu-toolchain/bin/../lib/gcc/arm-none-eabi/6.3.1/../../../../arm-none-eabi/lib/thumb/v7e-m\libc.a(lib_a-init.o)
__init_array_start                                g:/program files (x86)/atmel/studio/7.0/toolchain/arm/arm-gnu-toolchain/bin/../lib/gcc/arm-none-eabi/6.3.1/../../../../arm-none-eabi/lib/thumb/v7e-m\libc.a(lib_a-init.o)
__libc_fini                                       g:/program files (x86)/atmel/studio/7.0/toolchain/arm/arm-gnu-toolchain/bin/../lib/gcc/arm-none-eabi/6.3.1/../../../../arm-none-eabi/lib/thumb/v7e-m\libc.a(lib_a-__call_atexit.o)
__libc_fini_array                                 g:/program files (x86)/atmel/studio/7.0/toolchain/arm/arm-gnu-toolchain/bin/../lib/gcc/arm-none-eabi/6.3.1/../../../../arm-none-eabi/lib/thumb/v7e-m\libc.a(lib_a-fini.o)
                                                  g:/program files (x86)/atmel/studio/7.0/toolchain/arm/arm-gnu-toolchain/bin/../lib/gcc/arm-none-eabi/6.3.1/../../../../arm-none-eabi/lib/thumb/v7e-m\libc.a(lib_a-__call_atexit.o)
                                                  g:/program files (x86)/atmel/studio/7.0/toolchain/arm/arm-gnu-toolchain/bin/../lib/gcc/arm-none-eabi/6.3.1/../../../../arm-none-eabi/lib/thumb/v7e-m/crt0.o
__libc_init_array                                 g:/program files (x86)/atmel/studio/7.0/toolchain/arm/arm-gnu-toolchain/bin/../lib/gcc/arm-none-eabi/6.3.1/../../../../arm-none-eabi/lib/thumb/v7e-m\libc.a(lib_a-init.o)
                                                  src/ASF/sam/utils/cmsis/same70/source/templates/gcc/startup_same70.o
                                                  g:/program files (x86)/atmel/studio/7.0/toolchain/arm/arm-gnu-toolchain/bin/../lib/gcc/arm-none-eabi/6.3.1/../../../../arm-none-eabi/lib/thumb/v7e-m/crt0.o
__lock___arc4random_mutex                         g:/program files (x86)/atmel/studio/7.0/toolchain/arm/arm-gnu-toolchain/bin/../lib/gcc/arm-none-eabi/6.3.1/../../../../arm-none-eabi/lib/thumb/v7e-m\libc.a(lib_a-lock.o)
__lock___at_quick_exit_mutex                      g:/program files (x86)/atmel/studio/7.0/toolchain/arm/arm-gnu-toolchain/bin/../lib/gcc/arm-none-eabi/6.3.1/../../../../arm-none-eabi/lib/thumb/v7e-m\libc.a(lib_a-lock.o)
__lock___atexit_recursive_mutex                   g:/program files (x86)/atmel/studio/7.0/toolchain/arm/arm-gnu-toolchain/bin/../lib/gcc/arm-none-eabi/6.3.1/../../../../arm-none-eabi/lib/thumb/v7e-m\libc.a(lib_a-lock.o)
                                                  g:/program files (x86)/atmel/studio/7.0/toolchain/arm/arm-gnu-toolchain/bin/../lib/gcc/arm-none-eabi/6.3.1/../../../../arm-none-eabi/lib/thumb/v7e-m\libc.a(lib_a-__call_atexit.o)
__lock___dd_hash_mutex                            g:/program files (x86)/atmel/studio/7.0/toolchain/arm/arm-gnu-toolchain/bin/../lib/gcc/arm-none-eabi/6.3.1/../../../../arm-none-eabi/lib/thumb/v7e-m\libc.a(lib_a-lock.o)
__lock___env_recursive_mutex                      g:/program files (x86)/atmel/studio/7.0/toolchain/arm/arm-gnu-toolchain/bin/../lib/gcc/arm-none-eabi/6.3.1/../../../../arm-none-eabi/lib/thumb/v7e-m\libc.a(lib_a-lock.o)
__lock___malloc_recursive_mutex                   g:/program files (x86)/atmel/studio/7.0/toolchain/arm/arm-gnu-toolchain/bin/../lib/gcc/arm-none-eabi/6.3.1/../../../../arm-none-eabi/lib/thumb/v7e-m\libc.a(lib_a-lock.o)
__lock___sfp_recursive_mutex                      g:/program files (x86)/atmel/studio/7.0/toolchain/arm/arm-gnu-toolchain/bin/../lib/gcc/arm-none-eabi/6.3.1/../../../../arm-none-eabi/lib/thumb/v7e-m\libc.a(lib_a-lock.o)
__lock___sinit_recursive_mutex                    g:/program files (x86)/atmel/studio/7.0/toolchain/arm/arm-gnu-toolchain/bin/../lib/gcc/arm-none-eabi/6.3.1/../../../../arm-none-eabi/lib/thumb/v7e-m\libc.a(lib_a-lock.o)
__lock___tz_mutex                                 g:/program files (x86)/atmel/studio/7.0/toolchain/arm/arm-gnu-toolchain/bin/../lib/gcc/arm-none-eabi/6.3.1/../../../../arm-none-eabi/lib/thumb/v7e-m\libc.a(lib_a-lock.o)
__preinit_array_end                               g:/program files (x86)/atmel/studio/7.0/toolchain/arm/arm-gnu-toolchain/bin/../lib/gcc/arm-none-eabi/6.3.1/../../../../arm-none-eabi/lib/thumb/v7e-m\libc.a(lib_a-init.o)
__preinit_array_start                             g:/program files (x86)/atmel/studio/7.0/toolchain/arm/arm-gnu-toolchain/bin/../lib/gcc/arm-none-eabi/6.3.1/../../../../arm-none-eabi/lib/thumb/v7e-m\libc.a(lib_a-init.o)
__ram_end__                                       src/ASF/sam/utils/syscalls/gcc/syscalls.o
__register_exitproc                               g:/program files (x86)/atmel/studio/7.0/toolchain/arm/arm-gnu-toolchain/bin/../lib/gcc/arm-none-eabi/6.3.1/../../../../arm-none-eabi/lib/thumb/v7e-m\libc.a(lib_a-__atexit.o)
                                                  g:/program files (x86)/atmel/studio/7.0/toolchain/arm/arm-gnu-toolchain/bin/../lib/gcc/arm-none-eabi/6.3.1/../../../../arm-none-eabi/lib/thumb/v7e-m\libc.a(lib_a-atexit.o)
__register_frame_info                             g:/program files (x86)/atmel/studio/7.0/toolchain/arm/arm-gnu-toolchain/bin/../lib/gcc/arm-none-eabi/6.3.1/thumb/v7e-m/crtbegin.o
__retarget_lock_acquire                           g:/program files (x86)/atmel/studio/7.0/toolchain/arm/arm-gnu-toolchain/bin/../lib/gcc/arm-none-eabi/6.3.1/../../../../arm-none-eabi/lib/thumb/v7e-m\libc.a(lib_a-lock.o)
__retarget_lock_acquire_recursive                 g:/program files (x86)/atmel/studio/7.0/toolchain/arm/arm-gnu-toolchain/bin/../lib/gcc/arm-none-eabi/6.3.1/../../../../arm-none-eabi/lib/thumb/v7e-m\libc.a(lib_a-lock.o)
                                                  g:/program files (x86)/atmel/studio/7.0/toolchain/arm/arm-gnu-toolchain/bin/../lib/gcc/arm-none-eabi/6.3.1/../../../../arm-none-eabi/lib/thumb/v7e-m\libc.a(lib_a-__atexit.o)
                                                  g:/program files (x86)/atmel/studio/7.0/toolchain/arm/arm-gnu-toolchain/bin/../lib/gcc/arm-none-eabi/6.3.1/../../../../arm-none-eabi/lib/thumb/v7e-m\libc.a(lib_a-__call_atexit.o)
__retarget_lock_close                             g:/program files (x86)/atmel/studio/7.0/toolchain/arm/arm-gnu-toolchain/bin/../lib/gcc/arm-none-eabi/6.3.1/../../../../arm-none-eabi/lib/thumb/v7e-m\libc.a(lib_a-lock.o)
__retarget_lock_close_recursive                   g:/program files (x86)/atmel/studio/7.0/toolchain/arm/arm-gnu-toolchain/bin/../lib/gcc/arm-none-eabi/6.3.1/../../../../arm-none-eabi/lib/thumb/v7e-m\libc.a(lib_a-lock.o)
__retarget_lock_init                              g:/program files (x86)/atmel/studio/7.0/toolchain/arm/arm-gnu-toolchain/bin/../lib/gcc/arm-none-eabi/6.3.1/../../../../arm-none-eabi/lib/thumb/v7e-m\libc.a(lib_a-lock.o)
__retarget_lock_init_recursive                    g:/program files (x86)/atmel/studio/7.0/toolchain/arm/arm-gnu-toolchain/bin/../lib/gcc/arm-none-eabi/6.3.1/../../../../arm-none-eabi/lib/thumb/v7e-m\libc.a(lib_a-lock.o)
__retarget_lock_release                           g:/program files (x86)/atmel/studio/7.0/toolchain/arm/arm-gnu-toolchain/bin/../lib/gcc/arm-none-eabi/6.3.1/../../../../arm-none-eabi/lib/thumb/v7e-m\libc.a(lib_a-lock.o)
__retarget_lock_release_recursive                 g:/program files (x86)/atmel/studio/7.0/toolchain/arm/arm-gnu-toolchain/bin/../lib/gcc/arm-none-eabi/6.3.1/../../../../arm-none-eabi/lib/thumb/v7e-m\libc.a(lib_a-lock.o)
                                                  g:/program files (x86)/atmel/studio/7.0/toolchain/arm/arm-gnu-toolchain/bin/../lib/gcc/arm-none-eabi/6.3.1/../../../../arm-none-eabi/lib/thumb/v7e-m\libc.a(lib_a-__atexit.o)
                                                  g:/program files (x86)/atmel/studio/7.0/toolchain/arm/arm-gnu-toolchain/bin/../lib/gcc/arm-none-eabi/6.3.1/../../../../arm-none-eabi/lib/thumb/v7e-m\libc.a(lib_a-__call_atexit.o)
__retarget_lock_try_acquire                       g:/program files (x86)/atmel/studio/7.0/toolchain/arm/arm-gnu-toolchain/bin/../lib/gcc/arm-none-eabi/6.3.1/../../../../arm-none-eabi/lib/thumb/v7e-m\libc.a(lib_a-lock.o)
__retarget_lock_try_acquire_recursive             g:/program files (x86)/atmel/studio/7.0/toolchain/arm/arm-gnu-toolchain/bin/../lib/gcc/arm-none-eabi/6.3.1/../../../../arm-none-eabi/lib/thumb/v7e-m\libc.a(lib_a-lock.o)
__stack                                           g:/program files (x86)/atmel/studio/7.0/toolchain/arm/arm-gnu-toolchain/bin/../lib/gcc/arm-none-eabi/6.3.1/../../../../arm-none-eabi/lib/thumb/v7e-m/crt0.o
_close                                            src/ASF/sam/utils/syscalls/gcc/syscalls.o
_end                                              src/ASF/sam/utils/syscalls/gcc/syscalls.o
_erelocate                                        src/ASF/sam/utils/cmsis/same70/source/templates/gcc/startup_same70.o
_estack                                           src/ASF/sam/utils/cmsis/same70/source/templates/gcc/startup_same70.o
_etext                                            src/ASF/sam/utils/cmsis/same70/source/templates/gcc/startup_same70.o
_exit                                             src/ASF/sam/utils/syscalls/gcc/syscalls.o
                                                  g:/program files (x86)/atmel/studio/7.0/toolchain/arm/arm-gnu-toolchain/bin/../lib/gcc/arm-none-eabi/6.3.1/../../../../arm-none-eabi/lib/thumb/v7e-m\libc.a(lib_a-exit.o)
_ezero                                            src/ASF/sam/utils/cmsis/same70/source/templates/gcc/startup_same70.o
_fini                                             g:/program files (x86)/atmel/studio/7.0/toolchain/arm/arm-gnu-toolchain/bin/../lib/gcc/arm-none-eabi/6.3.1/thumb/v7e-m/crti.o
                                                  g:/program files (x86)/atmel/studio/7.0/toolchain/arm/arm-gnu-toolchain/bin/../lib/gcc/arm-none-eabi/6.3.1/../../../../arm-none-eabi/lib/thumb/v7e-m\libc.a(lib_a-fini.o)
_fstat                                            src/ASF/sam/utils/syscalls/gcc/syscalls.o
_getpid                                           src/ASF/sam/utils/syscalls/gcc/syscalls.o
_global_impure_ptr                                g:/program files (x86)/atmel/studio/7.0/toolchain/arm/arm-gnu-toolchain/bin/../lib/gcc/arm-none-eabi/6.3.1/../../../../arm-none-eabi/lib/thumb/v7e-m\libc.a(lib_a-impure.o)
                                                  g:/program files (x86)/atmel/studio/7.0/toolchain/arm/arm-gnu-toolchain/bin/../lib/gcc/arm-none-eabi/6.3.1/../../../../arm-none-eabi/lib/thumb/v7e-m\libc.a(lib_a-__atexit.o)
                                                  g:/program files (x86)/atmel/studio/7.0/toolchain/arm/arm-gnu-toolchain/bin/../lib/gcc/arm-none-eabi/6.3.1/../../../../arm-none-eabi/lib/thumb/v7e-m\libc.a(lib_a-__call_atexit.o)
                                                  g:/program files (x86)/atmel/studio/7.0/toolchain/arm/arm-gnu-toolchain/bin/../lib/gcc/arm-none-eabi/6.3.1/../../../../arm-none-eabi/lib/thumb/v7e-m\libc.a(lib_a-exit.o)
_impure_ptr                                       g:/program files (x86)/atmel/studio/7.0/toolchain/arm/arm-gnu-toolchain/bin/../lib/gcc/arm-none-eabi/6.3.1/../../../../arm-none-eabi/lib/thumb/v7e-m\libc.a(lib_a-impure.o)
_init                                             g:/program files (x86)/atmel/studio/7.0/toolchain/arm/arm-gnu-toolchain/bin/../lib/gcc/arm-none-eabi/6.3.1/thumb/v7e-m/crti.o
                                                  g:/program files (x86)/atmel/studio/7.0/toolchain/arm/arm-gnu-toolchain/bin/../lib/gcc/arm-none-eabi/6.3.1/../../../../arm-none-eabi/lib/thumb/v7e-m\libc.a(lib_a-init.o)
_isatty                                           src/ASF/sam/utils/syscalls/gcc/syscalls.o
_kill                                             src/ASF/sam/utils/syscalls/gcc/syscalls.o
_lseek                                            src/ASF/sam/utils/syscalls/gcc/syscalls.o
_mainCRTStartup                                   g:/program files (x86)/atmel/studio/7.0/toolchain/arm/arm-gnu-toolchain/bin/../lib/gcc/arm-none-eabi/6.3.1/../../../../arm-none-eabi/lib/thumb/v7e-m/crt0.o
_sbrk                                             src/ASF/sam/utils/syscalls/gcc/syscalls.o
_sfixed                                           src/ASF/sam/utils/cmsis/same70/source/templates/gcc/startup_same70.o
_srelocate                                        src/ASF/sam/utils/cmsis/same70/source/templates/gcc/startup_same70.o
_start                                            g:/program files (x86)/atmel/studio/7.0/toolchain/arm/arm-gnu-toolchain/bin/../lib/gcc/arm-none-eabi/6.3.1/../../../../arm-none-eabi/lib/thumb/v7e-m/crt0.o
_szero                                            src/ASF/sam/utils/cmsis/same70/source/templates/gcc/startup_same70.o
atexit                                            g:/program files (x86)/atmel/studio/7.0/toolchain/arm/arm-gnu-toolchain/bin/../lib/gcc/arm-none-eabi/6.3.1/../../../../arm-none-eabi/lib/thumb/v7e-m\libc.a(lib_a-atexit.o)
                                                  g:/program files (x86)/atmel/studio/7.0/toolchain/arm/arm-gnu-toolchain/bin/../lib/gcc/arm-none-eabi/6.3.1/../../../../arm-none-eabi/lib/thumb/v7e-m\libc.a(lib_a-__call_atexit.o)
                                                  g:/program files (x86)/atmel/studio/7.0/toolchain/arm/arm-gnu-toolchain/bin/../lib/gcc/arm-none-eabi/6.3.1/../../../../arm-none-eabi/lib/thumb/v7e-m/crt0.o
board_init                                        src/ASF/sam/boards/same70_xplained/init.o
                                                  src/main.o
cpu_irq_enter_critical                            src/ASF/common/utils/interrupt/interrupt_sam_nvic.o
cpu_irq_leave_critical                            src/ASF/common/utils/interrupt/interrupt_sam_nvic.o
exception_table                                   src/ASF/sam/utils/cmsis/same70/source/templates/gcc/startup_same70.o
exit                                              g:/program files (x86)/atmel/studio/7.0/toolchain/arm/arm-gnu-toolchain/bin/../lib/gcc/arm-none-eabi/6.3.1/../../../../arm-none-eabi/lib/thumb/v7e-m\libc.a(lib_a-exit.o)
                                                  g:/program files (x86)/atmel/studio/7.0/toolchain/arm/arm-gnu-toolchain/bin/../lib/gcc/arm-none-eabi/6.3.1/../../../../arm-none-eabi/lib/thumb/v7e-m/crt0.o
free                                              g:/program files (x86)/atmel/studio/7.0/toolchain/arm/arm-gnu-toolchain/bin/../lib/gcc/arm-none-eabi/6.3.1/../../../../arm-none-eabi/lib/thumb/v7e-m\libc.a(lib_a-__call_atexit.o)
g_interrupt_enabled                               src/ASF/common/utils/interrupt/interrupt_sam_nvic.o
                                                  src/ASF/sam/utils/cmsis/same70/source/templates/gcc/startup_same70.o
                                                  src/ASF/sam/drivers/pmc/sleep.o
                                                  src/ASF/sam/drivers/mpu/mpu.o
hardware_init_hook                                g:/program files (x86)/atmel/studio/7.0/toolchain/arm/arm-gnu-toolchain/bin/../lib/gcc/arm-none-eabi/6.3.1/../../../../arm-none-eabi/lib/thumb/v7e-m/crt0.o
link                                              src/ASF/sam/utils/syscalls/gcc/syscalls.o
main                                              src/main.o
                                                  src/ASF/sam/utils/cmsis/same70/source/templates/gcc/startup_same70.o
                                                  g:/program files (x86)/atmel/studio/7.0/toolchain/arm/arm-gnu-toolchain/bin/../lib/gcc/arm-none-eabi/6.3.1/../../../../arm-none-eabi/lib/thumb/v7e-m/crt0.o
malloc                                            g:/program files (x86)/atmel/studio/7.0/toolchain/arm/arm-gnu-toolchain/bin/../lib/gcc/arm-none-eabi/6.3.1/../../../../arm-none-eabi/lib/thumb/v7e-m\libc.a(lib_a-__atexit.o)
memset                                            g:/program files (x86)/atmel/studio/7.0/toolchain/arm/arm-gnu-toolchain/bin/../lib/gcc/arm-none-eabi/6.3.1/../../../../arm-none-eabi/lib/thumb/v7e-m\libc.a(lib_a-memset.o)
                                                  g:/program files (x86)/atmel/studio/7.0/toolchain/arm/arm-gnu-toolchain/bin/../lib/gcc/arm-none-eabi/6.3.1/../../../../arm-none-eabi/lib/thumb/v7e-m/crt0.o
mpu_cal_mpu_region_size                           src/ASF/sam/drivers/mpu/mpu.o
mpu_disable_region                                src/ASF/sam/drivers/mpu/mpu.o
mpu_enable                                        src/ASF/sam/drivers/mpu/mpu.o
mpu_set_region                                    src/ASF/sam/drivers/mpu/mpu.o
mpu_set_region_num                                src/ASF/sam/drivers/mpu/mpu.o
mpu_update_regions                                src/ASF/sam/drivers/mpu/mpu.o
pio_capture_disable                               src/ASF/sam/drivers/pio/pio.o
pio_capture_disable_interrupt                     src/ASF/sam/drivers/pio/pio.o
pio_capture_enable                                src/ASF/sam/drivers/pio/pio.o
pio_capture_enable_flag                           src/ASF/sam/drivers/pio/pio.o
pio_capture_enable_interrupt                      src/ASF/sam/drivers/pio/pio.o
pio_capture_get_interrupt_mask                    src/ASF/sam/drivers/pio/pio.o
pio_capture_get_interrupt_status                  src/ASF/sam/drivers/pio/pio.o
pio_capture_read                                  src/ASF/sam/drivers/pio/pio.o
pio_capture_set_mode                              src/ASF/sam/drivers/pio/pio.o
pio_clear                                         src/ASF/sam/drivers/pio/pio.o
pio_configure                                     src/ASF/sam/drivers/pio/pio.o
pio_configure_interrupt                           src/ASF/sam/drivers/pio/pio.o
                                                  src/ASF/sam/drivers/pio/pio_handler.o
pio_configure_pin                                 src/ASF/sam/drivers/pio/pio.o
pio_configure_pin_group                           src/ASF/sam/drivers/pio/pio.o
pio_disable_interrupt                             src/ASF/sam/drivers/pio/pio.o
                                                  src/ASF/sam/drivers/pio/pio_handler.o
pio_disable_output_write                          src/ASF/sam/drivers/pio/pio.o
pio_disable_pin_interrupt                         src/ASF/sam/drivers/pio/pio.o
pio_enable_interrupt                              src/ASF/sam/drivers/pio/pio.o
                                                  src/ASF/sam/drivers/pio/pio_handler.o
pio_enable_output_write                           src/ASF/sam/drivers/pio/pio.o
pio_enable_pin_interrupt                          src/ASF/sam/drivers/pio/pio.o
pio_get                                           src/ASF/sam/drivers/pio/pio.o
pio_get_interrupt_mask                            src/ASF/sam/drivers/pio/pio.o
                                                  src/ASF/sam/drivers/pio/pio_handler.o
pio_get_interrupt_status                          src/ASF/sam/drivers/pio/pio.o
                                                  src/ASF/sam/drivers/pio/pio_handler.o
pio_get_multi_driver_status                       src/ASF/sam/drivers/pio/pio.o
pio_get_output_data_status                        src/ASF/sam/drivers/pio/pio.o
pio_get_output_write_status                       src/ASF/sam/drivers/pio/pio.o
pio_get_pin_group                                 src/ASF/sam/drivers/pio/pio.o
                                                  src/ASF/sam/drivers/pio/pio_handler.o
pio_get_pin_group_id                              src/ASF/sam/drivers/pio/pio.o
                                                  src/ASF/sam/drivers/pio/pio_handler.o
pio_get_pin_group_mask                            src/ASF/sam/drivers/pio/pio.o
                                                  src/ASF/sam/drivers/pio/pio_handler.o
pio_get_pin_value                                 src/ASF/sam/drivers/pio/pio.o
pio_get_schmitt_trigger                           src/ASF/sam/drivers/pio/pio.o
pio_get_writeprotect_status                       src/ASF/sam/drivers/pio/pio.o
pio_handler_process                               src/ASF/sam/drivers/pio/pio_handler.o
pio_handler_set                                   src/ASF/sam/drivers/pio/pio_handler.o
pio_handler_set_pin                               src/ASF/sam/drivers/pio/pio_handler.o
pio_handler_set_priority                          src/ASF/sam/drivers/pio/pio_handler.o
pio_pull_down                                     src/ASF/sam/drivers/pio/pio.o
pio_pull_up                                       src/ASF/sam/drivers/pio/pio.o
pio_set                                           src/ASF/sam/drivers/pio/pio.o
pio_set_additional_interrupt_mode                 src/ASF/sam/drivers/pio/pio.o
pio_set_debounce_filter                           src/ASF/sam/drivers/pio/pio.o
pio_set_input                                     src/ASF/sam/drivers/pio/pio.o
pio_set_io_drive                                  src/ASF/sam/drivers/pio/pio.o
pio_set_multi_driver                              src/ASF/sam/drivers/pio/pio.o
pio_set_output                                    src/ASF/sam/drivers/pio/pio.o
pio_set_peripheral                                src/ASF/sam/drivers/pio/pio.o
pio_set_pin_group_high                            src/ASF/sam/drivers/pio/pio.o
pio_set_pin_group_low                             src/ASF/sam/drivers/pio/pio.o
pio_set_pin_high                                  src/ASF/sam/drivers/pio/pio.o
pio_set_pin_low                                   src/ASF/sam/drivers/pio/pio.o
pio_set_schmitt_trigger                           src/ASF/sam/drivers/pio/pio.o
pio_set_writeprotect                              src/ASF/sam/drivers/pio/pio.o
pio_sync_output_write                             src/ASF/sam/drivers/pio/pio.o
pio_toggle_pin                                    src/ASF/sam/drivers/pio/pio.o
pio_toggle_pin_group                              src/ASF/sam/drivers/pio/pio.o
pmc_clr_fast_startup_input                        src/ASF/sam/drivers/pmc/pmc.o
pmc_disable_all_pck                               src/ASF/sam/drivers/pmc/pmc.o
pmc_disable_all_periph_clk                        src/ASF/sam/drivers/pmc/pmc.o
pmc_disable_clock_failure_detector                src/ASF/sam/drivers/pmc/pmc.o
pmc_disable_interrupt                             src/ASF/sam/drivers/pmc/pmc.o
pmc_disable_pck                                   src/ASF/sam/drivers/pmc/pmc.o
pmc_disable_periph_clk                            src/ASF/sam/drivers/pmc/pmc.o
                                                  src/ASF/sam/drivers/spi/spi.o
pmc_disable_pllack                                src/ASF/sam/drivers/pmc/pmc.o
                                                  src/ASF/sam/drivers/pmc/sleep.o
                                                  src/ASF/common/services/clock/same70/sysclk.o
pmc_disable_sclk_osc_freq_monitor                 src/ASF/sam/drivers/pmc/pmc.o
pmc_disable_sleepwalking                          src/ASF/sam/drivers/pmc/pmc.o
pmc_disable_udpck                                 src/ASF/sam/drivers/pmc/pmc.o
                                                  src/ASF/common/services/clock/same70/sysclk.o
pmc_disable_upll_clock                            src/ASF/sam/drivers/pmc/pmc.o
pmc_enable_all_pck                                src/ASF/sam/drivers/pmc/pmc.o
pmc_enable_all_periph_clk                         src/ASF/sam/drivers/pmc/pmc.o
pmc_enable_backupmode                             src/ASF/sam/drivers/pmc/pmc.o
pmc_enable_clock_failure_detector                 src/ASF/sam/drivers/pmc/pmc.o
pmc_enable_interrupt                              src/ASF/sam/drivers/pmc/pmc.o
pmc_enable_pck                                    src/ASF/sam/drivers/pmc/pmc.o
pmc_enable_periph_clk                             src/ASF/sam/drivers/pmc/pmc.o
                                                  src/ASF/sam/drivers/spi/spi.o
                                                  src/ASF/sam/boards/same70_xplained/init.o
                                                  src/ASF/common/services/spi/sam_usart_spi/usart_spi.o
pmc_enable_pllack                                 src/ASF/sam/drivers/pmc/pmc.o
pmc_enable_sclk_osc_freq_monitor                  src/ASF/sam/drivers/pmc/pmc.o
pmc_enable_sleepmode                              src/ASF/sam/drivers/pmc/pmc.o
pmc_enable_sleepwalking                           src/ASF/sam/drivers/pmc/pmc.o
pmc_enable_udpck                                  src/ASF/sam/drivers/pmc/pmc.o
                                                  src/ASF/common/services/clock/same70/sysclk.o
pmc_enable_upll_clock                             src/ASF/sam/drivers/pmc/pmc.o
                                                  src/ASF/common/services/clock/same70/sysclk.o
pmc_enable_waitmode                               src/ASF/sam/drivers/pmc/pmc.o
                                                  src/ASF/sam/drivers/pmc/sleep.o
pmc_get_active_status0                            src/ASF/sam/drivers/pmc/pmc.o
pmc_get_active_status1                            src/ASF/sam/drivers/pmc/pmc.o
pmc_get_interrupt_mask                            src/ASF/sam/drivers/pmc/pmc.o
pmc_get_sleepwalking_status0                      src/ASF/sam/drivers/pmc/pmc.o
pmc_get_sleepwalking_status1                      src/ASF/sam/drivers/pmc/pmc.o
pmc_get_status                                    src/ASF/sam/drivers/pmc/pmc.o
pmc_get_writeprotect_status                       src/ASF/sam/drivers/pmc/pmc.o
pmc_is_locked_pllack                              src/ASF/sam/drivers/pmc/pmc.o
                                                  src/ASF/common/services/clock/same70/sysclk.o
pmc_is_locked_upll                                src/ASF/sam/drivers/pmc/pmc.o
pmc_is_pck_enabled                                src/ASF/sam/drivers/pmc/pmc.o
pmc_is_periph_clk_enabled                         src/ASF/sam/drivers/pmc/pmc.o
pmc_is_wakeup_clocks_restored                     src/ASF/sam/drivers/pmc/sleep.o
pmc_mainck_osc_select                             src/ASF/sam/drivers/pmc/pmc.o
pmc_mck_set_division                              src/ASF/sam/drivers/pmc/pmc.o
                                                  src/ASF/common/services/clock/same70/sysclk.o
pmc_mck_set_prescaler                             src/ASF/sam/drivers/pmc/pmc.o
                                                  src/ASF/common/services/clock/same70/sysclk.o
pmc_mck_set_source                                src/ASF/sam/drivers/pmc/pmc.o
                                                  src/ASF/common/services/clock/same70/sysclk.o
pmc_osc_bypass_main_xtal                          src/ASF/sam/drivers/pmc/pmc.o
pmc_osc_disable_fastrc                            src/ASF/sam/drivers/pmc/pmc.o
pmc_osc_disable_main_xtal                         src/ASF/sam/drivers/pmc/pmc.o
pmc_osc_disable_xtal                              src/ASF/sam/drivers/pmc/pmc.o
pmc_osc_enable_fastrc                             src/ASF/sam/drivers/pmc/pmc.o
pmc_osc_enable_main_xtal                          src/ASF/sam/drivers/pmc/pmc.o
pmc_osc_is_bypassed_main_xtal                     src/ASF/sam/drivers/pmc/pmc.o
pmc_osc_is_ready_32kxtal                          src/ASF/sam/drivers/pmc/pmc.o
pmc_osc_is_ready_fastrc                           src/ASF/sam/drivers/pmc/pmc.o
pmc_osc_is_ready_main_xtal                        src/ASF/sam/drivers/pmc/pmc.o
pmc_osc_is_ready_mainck                           src/ASF/sam/drivers/pmc/pmc.o
                                                  src/ASF/common/services/clock/same70/sysclk.o
pmc_pck_set_prescaler                             src/ASF/sam/drivers/pmc/pmc.o
pmc_pck_set_source                                src/ASF/sam/drivers/pmc/pmc.o
pmc_set_fast_startup_input                        src/ASF/sam/drivers/pmc/pmc.o
pmc_set_flash_in_wait_mode                        src/ASF/sam/drivers/pmc/pmc.o
                                                  src/ASF/sam/drivers/pmc/sleep.o
pmc_set_writeprotect                              src/ASF/sam/drivers/pmc/pmc.o
pmc_sleep                                         src/ASF/sam/drivers/pmc/sleep.o
pmc_switch_mainck_to_fastrc                       src/ASF/sam/drivers/pmc/pmc.o
pmc_switch_mainck_to_xtal                         src/ASF/sam/drivers/pmc/pmc.o
                                                  src/ASF/common/services/clock/same70/sysclk.o
pmc_switch_mck_to_mainck                          src/ASF/sam/drivers/pmc/pmc.o
pmc_switch_mck_to_pllack                          src/ASF/sam/drivers/pmc/pmc.o
                                                  src/ASF/common/services/clock/same70/sysclk.o
pmc_switch_mck_to_sclk                            src/ASF/sam/drivers/pmc/pmc.o
pmc_switch_mck_to_upllck                          src/ASF/sam/drivers/pmc/pmc.o
pmc_switch_pck_to_mainck                          src/ASF/sam/drivers/pmc/pmc.o
pmc_switch_pck_to_mck                             src/ASF/sam/drivers/pmc/pmc.o
pmc_switch_pck_to_pllack                          src/ASF/sam/drivers/pmc/pmc.o
pmc_switch_pck_to_sclk                            src/ASF/sam/drivers/pmc/pmc.o
pmc_switch_pck_to_upllck                          src/ASF/sam/drivers/pmc/pmc.o
pmc_switch_sclk_to_32kxtal                        src/ASF/sam/drivers/pmc/pmc.o
pmc_switch_udpck_to_pllack                        src/ASF/sam/drivers/pmc/pmc.o
pmc_switch_udpck_to_upllck                        src/ASF/sam/drivers/pmc/pmc.o
                                                  src/ASF/common/services/clock/same70/sysclk.o
pmc_wait_wakeup_clocks_restore                    src/ASF/sam/drivers/pmc/sleep.o
portable_delay_cycles                             src/ASF/common/services/delay/sam/cycle_counter.o
                                                  src/main.o
rtt_disable                                       src/ASF/sam/drivers/rtt/rtt.o
rtt_disable_interrupt                             src/ASF/sam/drivers/rtt/rtt.o
rtt_enable                                        src/ASF/sam/drivers/rtt/rtt.o
rtt_enable_interrupt                              src/ASF/sam/drivers/rtt/rtt.o
rtt_get_status                                    src/ASF/sam/drivers/rtt/rtt.o
rtt_init                                          src/ASF/sam/drivers/rtt/rtt.o
rtt_read_timer_value                              src/ASF/sam/drivers/rtt/rtt.o
rtt_sel_source                                    src/ASF/sam/drivers/rtt/rtt.o
rtt_write_alarm_time                              src/ASF/sam/drivers/rtt/rtt.o
software_init_hook                                g:/program files (x86)/atmel/studio/7.0/toolchain/arm/arm-gnu-toolchain/bin/../lib/gcc/arm-none-eabi/6.3.1/../../../../arm-none-eabi/lib/thumb/v7e-m/crt0.o
spi_calc_baudrate_div                             src/ASF/sam/drivers/spi/spi.o
                                                  src/ASF/common/services/spi/sam_spi/spi_master.o
spi_configure_cs_behavior                         src/ASF/sam/drivers/spi/spi.o
                                                  src/ASF/common/services/spi/sam_spi/spi_master.o
spi_deselect_device                               src/ASF/common/services/spi/sam_spi/spi_master.o
spi_disable_clock                                 src/ASF/sam/drivers/spi/spi.o
spi_enable_clock                                  src/ASF/sam/drivers/spi/spi.o
                                                  src/ASF/common/services/spi/sam_spi/spi_master.o
spi_get_writeprotect_status                       src/ASF/sam/drivers/spi/spi.o
spi_master_init                                   src/ASF/common/services/spi/sam_spi/spi_master.o
spi_master_setup_device                           src/ASF/common/services/spi/sam_spi/spi_master.o
spi_read                                          src/ASF/sam/drivers/spi/spi.o
spi_read_packet                                   src/ASF/common/services/spi/sam_spi/spi_master.o
spi_select_device                                 src/ASF/common/services/spi/sam_spi/spi_master.o
spi_set_baudrate_div                              src/ASF/sam/drivers/spi/spi.o
                                                  src/ASF/common/services/spi/sam_spi/spi_master.o
spi_set_bits_per_transfer                         src/ASF/sam/drivers/spi/spi.o
                                                  src/ASF/common/services/spi/sam_spi/spi_master.o
spi_set_clock_phase                               src/ASF/sam/drivers/spi/spi.o
                                                  src/ASF/common/services/spi/sam_spi/spi_master.o
spi_set_clock_polarity                            src/ASF/sam/drivers/spi/spi.o
                                                  src/ASF/common/services/spi/sam_spi/spi_master.o
spi_set_delay_between_chip_select                 src/ASF/sam/drivers/spi/spi.o
                                                  src/ASF/common/services/spi/sam_spi/spi_master.o
spi_set_peripheral_chip_select_value              src/ASF/sam/drivers/spi/spi.o
                                                  src/ASF/common/services/spi/sam_spi/spi_master.o
spi_set_transfer_delay                            src/ASF/sam/drivers/spi/spi.o
                                                  src/ASF/common/services/spi/sam_spi/spi_master.o
spi_set_writeprotect                              src/ASF/sam/drivers/spi/spi.o
spi_transceive_packet                             src/ASF/common/services/spi/sam_spi/spi_master.o
spi_write                                         src/ASF/sam/drivers/spi/spi.o
spi_write_packet                                  src/ASF/common/services/spi/sam_spi/spi_master.o
sysclk_disable_usb                                src/ASF/common/services/clock/same70/sysclk.o
sysclk_enable_usb                                 src/ASF/common/services/clock/same70/sysclk.o
sysclk_init                                       src/ASF/common/services/clock/same70/sysclk.o
                                                  src/main.o
sysclk_set_prescalers                             src/ASF/common/services/clock/same70/sysclk.o
sysclk_set_source                                 src/ASF/common/services/clock/same70/sysclk.o
system_init_flash                                 src/ASF/sam/utils/cmsis/same70/source/templates/system_same70.o
                                                  src/ASF/common/services/clock/same70/sysclk.o
tc_disable_interrupt                              src/ASF/sam/drivers/tc/tc.o
tc_disable_qdec_interrupt                         src/ASF/sam/drivers/tc/tc.o
tc_enable_interrupt                               src/ASF/sam/drivers/tc/tc.o
tc_enable_qdec_interrupt                          src/ASF/sam/drivers/tc/tc.o
tc_find_mck_divisor                               src/ASF/sam/drivers/tc/tc.o
tc_get_interrupt_mask                             src/ASF/sam/drivers/tc/tc.o
tc_get_qdec_interrupt_mask                        src/ASF/sam/drivers/tc/tc.o
tc_get_qdec_interrupt_status                      src/ASF/sam/drivers/tc/tc.o
tc_get_status                                     src/ASF/sam/drivers/tc/tc.o
tc_init                                           src/ASF/sam/drivers/tc/tc.o
tc_init_2bit_gray                                 src/ASF/sam/drivers/tc/tc.o
tc_read_cv                                        src/ASF/sam/drivers/tc/tc.o
tc_read_ra                                        src/ASF/sam/drivers/tc/tc.o
tc_read_rb                                        src/ASF/sam/drivers/tc/tc.o
tc_read_rc                                        src/ASF/sam/drivers/tc/tc.o
tc_set_block_mode                                 src/ASF/sam/drivers/tc/tc.o
tc_set_writeprotect                               src/ASF/sam/drivers/tc/tc.o
tc_start                                          src/ASF/sam/drivers/tc/tc.o
tc_stop                                           src/ASF/sam/drivers/tc/tc.o
tc_sync_trigger                                   src/ASF/sam/drivers/tc/tc.o
tc_write_ra                                       src/ASF/sam/drivers/tc/tc.o
tc_write_rb                                       src/ASF/sam/drivers/tc/tc.o
tc_write_rc                                       src/ASF/sam/drivers/tc/tc.o
usart_disable_interrupt                           src/ASF/sam/drivers/usart/usart.o
usart_disable_rx                                  src/ASF/sam/drivers/usart/usart.o
                                                  src/ASF/common/services/spi/sam_usart_spi/usart_spi.o
usart_disable_tx                                  src/ASF/sam/drivers/usart/usart.o
                                                  src/ASF/common/services/spi/sam_usart_spi/usart_spi.o
usart_disable_writeprotect                        src/ASF/sam/drivers/usart/usart.o
usart_drive_RTS_pin_high                          src/ASF/sam/drivers/usart/usart.o
usart_drive_RTS_pin_low                           src/ASF/sam/drivers/usart/usart.o
usart_enable_interrupt                            src/ASF/sam/drivers/usart/usart.o
usart_enable_rx                                   src/ASF/sam/drivers/usart/usart.o